Component: ARM Compiler 5.06 update 7 (build 960) Tool: armlink [4d3601]

==============================================================================

Section Cross References

    startup_stm32f429nihx.o(STACK) refers (Special) to heapauxi.o(.text) for __use_two_region_memory
    startup_stm32f429nihx.o(HEAP) refers (Special) to heapauxi.o(.text) for __use_two_region_memory
    startup_stm32f429nihx.o(RESET) refers (Special) to heapauxi.o(.text) for __use_two_region_memory
    startup_stm32f429nihx.o(RESET) refers to startup_stm32f429nihx.o(STACK) for __initial_sp
    startup_stm32f429nihx.o(RESET) refers to startup_stm32f429nihx.o(.text) for Reset_Handler
    startup_stm32f429nihx.o(RESET) refers to stm32f4xx_it.o(.text) for SysTick_Handler
    startup_stm32f429nihx.o(.text) refers (Special) to heapauxi.o(.text) for __use_two_region_memory
    startup_stm32f429nihx.o(.text) refers to system_stm32f4xx.o(.text) for SystemInit
    startup_stm32f429nihx.o(.text) refers to __main.o(!!!main) for __main
    startup_stm32f429nihx.o(.text) refers to startup_stm32f429nihx.o(HEAP) for Heap_Mem
    startup_stm32f429nihx.o(.text) refers to startup_stm32f429nihx.o(STACK) for Stack_Mem
    aes256.o(.text) refers to aes256.o(.constdata) for B5_rcon
    aes256.o(.text) refers to rt_memclr_w.o(.text) for __aeabi_memclr4
    aes256.o(.text) refers to aeabi_memset.o(.text) for __aeabi_memset
    aes256.o(.text) refers to rt_memcpy_v6.o(.text) for __aeabi_memcpy
    aes256.o(.text) refers to rt_memclr.o(.text) for __aeabi_memclr
    crc16.o(.text) refers to crc16.o(.constdata) for se3_crc16_table
    pbkdf2.o(.text) refers to rt_memcpy_w.o(.text) for __aeabi_memcpy4
    pbkdf2.o(.text) refers to sha256.o(.text) for B5_HmacSha256_Update
    pbkdf2.o(.text) refers to rt_memcpy_v6.o(.text) for __aeabi_memcpy
    sha256.o(.text) refers to rt_memclr_w.o(.text) for __aeabi_memclr4
    sha256.o(.text) refers to rt_memcpy_v6.o(.text) for __aeabi_memcpy
    sha256.o(.text) refers to aeabi_memset.o(.text) for __aeabi_memset
    se3_algo_aes.o(.text) refers to aes256.o(.text) for B5_Aes256_Init
    se3_algo_aes256hmacsha256.o(.text) refers to pbkdf2.o(.text) for PBKDF2HmacSha256
    se3_algo_aes256hmacsha256.o(.text) refers to sha256.o(.text) for B5_HmacSha256_Init
    se3_algo_aes256hmacsha256.o(.text) refers to aes256.o(.text) for B5_Aes256_Init
    se3_algo_aes256hmacsha256.o(.text) refers to memcmp.o(.text) for memcmp
    se3_algo_aes256hmacsha256.o(.text) refers to se3_algo_aes256hmacsha256.o(.constdata) for salt
    se3_algo_aeshmacsha256s.o(.text) refers to rt_memcpy_v6.o(.text) for __aeabi_memcpy
    se3_algo_aeshmacsha256s.o(.text) refers to pbkdf2.o(.text) for PBKDF2HmacSha256
    se3_algo_aeshmacsha256s.o(.text) refers to aes256.o(.text) for B5_Aes256_Init
    se3_algo_aeshmacsha256s.o(.text) refers to sha256.o(.text) for B5_HmacSha256_Init
    se3_algo_hmacsha256.o(.text) refers to sha256.o(.text) for B5_HmacSha256_Init
    se3_algo_sha256.o(.text) refers to sha256.o(.text) for B5_Sha256_Init
    se3_communication_core.o(.text) refers to rt_memclr_w.o(.text) for __aeabi_memclr4
    se3_communication_core.o(.text) refers to rt_memclr.o(.text) for __aeabi_memclr
    se3_communication_core.o(.text) refers to memcmp.o(.text) for memcmp
    se3_communication_core.o(.text) refers to se3_sdio.o(.text) for secube_sdio_write
    se3_communication_core.o(.text) refers to rt_memcpy_v6.o(.text) for __aeabi_memcpy
    se3_communication_core.o(.text) refers to se3_communication_core.o(.bss) for comm
    se3_communication_core.o(.text) refers to se3_common.o(.bss) for serial
    se3_communication_core.o(.text) refers to se3_common.o(.constdata) for se3_magic
    se3_communication_core.o(.text) refers to se3_communication_core.o(.constdata) for se3_hello
    se3_dispatcher_core.o(.text) refers to se3_flash.o(.text) for se3_flash_it_init
    se3_dispatcher_core.o(.text) refers to se3_sekey.o(.text) for store_user_info
    se3_dispatcher_core.o(.text) refers to se3_security_core.o(.text) for record_get
    se3_dispatcher_core.o(.text) refers to rt_memclr_w.o(.text) for __aeabi_memclr4
    se3_dispatcher_core.o(.text) refers to se3_rand.o(.text) for se3_rand
    se3_dispatcher_core.o(.text) refers to pbkdf2.o(.text) for PBKDF2HmacSha256
    se3_dispatcher_core.o(.text) refers to memcmp.o(.text) for memcmp
    se3_dispatcher_core.o(.text) refers to rt_memcpy_v6.o(.text) for __aeabi_memcpy
    se3_dispatcher_core.o(.text) refers to se3_memory.o(.text) for se3_mem_reset
    se3_dispatcher_core.o(.text) refers to rt_memclr.o(.text) for __aeabi_memclr
    se3_dispatcher_core.o(.text) refers to se3_dispatcher_core.o(.bss) for login_struct
    se3_dispatcher_core.o(.text) refers to se3_security_core.o(.bss) for se3_security_info
    se3_dispatcher_core.o(.text) refers to se3_common.o(.constdata) for se3_magic
[...]
    HAL_FLASHEx_OB_DeSelectPCROP             0x0802c45f   Thumb Code    22  stm32f4xx_hal_flash_ex.o(.text)
    HAL_FLASHEx_OB_GetBank2WRP               0x0802c475   Thumb Code     8  stm32f4xx_hal_flash_ex.o(.text)
    HAL_GPIO_Init                            0x0802c485   Thumb Code   486  stm32f4xx_hal_gpio.o(.text)
    HAL_GPIO_DeInit                          0x0802c66b   Thumb Code   336  stm32f4xx_hal_gpio.o(.text)
    HAL_GPIO_ReadPin                         0x0802c7bb   Thumb Code    16  stm32f4xx_hal_gpio.o(.text)
    HAL_GPIO_WritePin                        0x0802c7cb   Thumb Code    12  stm32f4xx_hal_gpio.o(.text)
    HAL_GPIO_TogglePin                       0x0802c7d7   Thumb Code     8  stm32f4xx_hal_gpio.o(.text)
    HAL_GPIO_LockPin                         0x0802c7df   Thumb Code    46  stm32f4xx_hal_gpio.o(.text)
    HAL_GPIO_EXTI_Callback                   0x0802c80d   Thumb Code     2  stm32f4xx_hal_gpio.o(.text)
    HAL_GPIO_EXTI_IRQHandler                 0x0802c80f   Thumb Code    28  stm32f4xx_hal_gpio.o(.text)
    HAL_I2C_Init                             0x0802c863   Thumb Code   286  stm32f4xx_hal_i2c.o(.text)
    HAL_I2C_DeInit                           0x0802c983   Thumb Code    60  stm32f4xx_hal_i2c.o(.text)
    HAL_I2C_Master_Transmit                  0x0802ccf9   Thumb Code   320  stm32f4xx_hal_i2c.o(.text)
    HAL_I2C_Master_Receive                   0x0802cfd7   Thumb Code   630  stm32f4xx_hal_i2c.o(.text)
    HAL_I2C_Slave_Transmit                   0x0802d24d   Thumb Code   350  stm32f4xx_hal_i2c.o(.text)
    HAL_I2C_Slave_Receive                    0x0802d403   Thumb Code   350  stm32f4xx_hal_i2c.o(.text)
    HAL_I2C_Master_Transmit_IT               0x0802d561   Thumb Code   250  stm32f4xx_hal_i2c.o(.text)
    HAL_I2C_Master_Receive_IT                0x0802d65b   Thumb Code   372  stm32f4xx_hal_i2c.o(.text)
    HAL_I2C_Master_Sequential_Transmit_IT    0x0802d7cf   Thumb Code   272  stm32f4xx_hal_i2c.o(.text)
    HAL_I2C_Master_Sequential_Receive_IT     0x0802d8df   Thumb Code   494  stm32f4xx_hal_i2c.o(.text)
    HAL_I2C_Slave_Transmit_IT                0x0802dacd   Thumb Code   146  stm32f4xx_hal_i2c.o(.text)
    HAL_I2C_Slave_Receive_IT                 0x0802db5f   Thumb Code   146  stm32f4xx_hal_i2c.o(.text)
    HAL_I2C_Slave_Sequential_Transmit_IT     0x0802dbf1   Thumb Code   128  stm32f4xx_hal_i2c.o(.text)
    HAL_I2C_Slave_Sequential_Receive_IT      0x0802dc71   Thumb Code   128  stm32f4xx_hal_i2c.o(.text)
    HAL_I2C_EnableListen_IT                  0x0802dcf1   Thumb Code    48  stm32f4xx_hal_i2c.o(.text)
    HAL_I2C_DisableListen_IT                 0x0802dd21   Thumb Code    70  stm32f4xx_hal_i2c.o(.text)
    HAL_I2C_ErrorCallback                    0x0802dd67   Thumb Code     2  stm32f4xx_hal_i2c.o(.text)
    HAL_I2C_MasterTxCpltCallback             0x0802dd9b   Thumb Code     2  stm32f4xx_hal_i2c.o(.text)
    HAL_I2C_Master_Transmit_DMA              0x0802ddf5   Thumb Code   354  stm32f4xx_hal_i2c.o(.text)
    HAL_I2C_MasterRxCpltCallback             0x0802df57   Thumb Code     2  stm32f4xx_hal_i2c.o(.text)
    HAL_I2C_Master_Receive_DMA               0x0802dfb3   Thumb Code   346  stm32f4xx_hal_i2c.o(.text)
    HAL_I2C_Master_Abort_IT                  0x0802e10d   Thumb Code   118  stm32f4xx_hal_i2c.o(.text)
    HAL_I2C_SlaveTxCpltCallback              0x0802e183   Thumb Code     2  stm32f4xx_hal_i2c.o(.text)
    HAL_I2C_Slave_Transmit_DMA               0x0802e1e7   Thumb Code   318  stm32f4xx_hal_i2c.o(.text)
    HAL_I2C_SlaveRxCpltCallback              0x0802e325   Thumb Code     2  stm32f4xx_hal_i2c.o(.text)
    HAL_I2C_Slave_Receive_DMA                0x0802e3a7   Thumb Code   214  stm32f4xx_hal_i2c.o(.text)
    HAL_I2C_Mem_Write                        0x0802e54d   Thumb Code   304  stm32f4xx_hal_i2c.o(.text)
    HAL_I2C_Mem_Read                         0x0802e7d5   Thumb Code   612  stm32f4xx_hal_i2c.o(.text)
    HAL_I2C_Mem_Write_IT                     0x0802ea39   Thumb Code   244  stm32f4xx_hal_i2c.o(.text)
    HAL_I2C_Mem_Read_IT                      0x0802eb2d   Thumb Code   400  stm32f4xx_hal_i2c.o(.text)
    HAL_I2C_MemTxCpltCallback                0x0802ecbd   Thumb Code     2  stm32f4xx_hal_i2c.o(.text)
    HAL_I2C_Mem_Write_DMA                    0x0802ed17   Thumb Code   314  stm32f4xx_hal_i2c.o(.text)
    HAL_I2C_MemRxCpltCallback                0x0802ee51   Thumb Code     2  stm32f4xx_hal_i2c.o(.text)
    HAL_I2C_Mem_Read_DMA                     0x0802eead   Thumb Code   366  stm32f4xx_hal_i2c.o(.text)
    HAL_I2C_IsDeviceReady                    0x0802f01b   Thumb Code   426  stm32f4xx_hal_i2c.o(.text)
    HAL_I2C_ListenCpltCallback               0x0802f2a5   Thumb Code     2  stm32f4xx_hal_i2c.o(.text)
    HAL_I2C_AddrCallback                     0x0802f32f   Thumb Code     2  stm32f4xx_hal_i2c.o(.text)
    HAL_I2C_EV_IRQHandler                    0x0802f667   Thumb Code   374  stm32f4xx_hal_i2c.o(.text)
    HAL_I2C_ER_IRQHandler                    0x0802f88d   Thumb Code   332  stm32f4xx_hal_i2c.o(.text)
    HAL_I2C_GetState                         0x0802f9d9   Thumb Code     8  stm32f4xx_hal_i2c.o(.text)
    HAL_I2C_GetMode                          0x0802f9e1   Thumb Code     8  stm32f4xx_hal_i2c.o(.text)
    HAL_I2C_GetError                         0x0802f9e9   Thumb Code     6  stm32f4xx_hal_i2c.o(.text)
    HAL_NOR_Init                             0x0802f9f7   Thumb Code    94  stm32f4xx_hal_nor.o(.text)
    HAL_NOR_DeInit                           0x0802fa57   Thumb Code    34  stm32f4xx_hal_nor.o(.text)
    HAL_NOR_MspWait                          0x0802fa79   Thumb Code     2  stm32f4xx_hal_nor.o(.text)
    HAL_NOR_Read_ID                          0x0802fa7b   Thumb Code   136  stm32f4xx_hal_nor.o(.text)
    HAL_NOR_ReturnToReadMode                 0x0802fb03   Thumb Code    98  stm32f4xx_hal_nor.o(.text)
    HAL_NOR_Read                             0x0802fb65   Thumb Code   122  stm32f4xx_hal_nor.o(.text)
    HAL_NOR_Program                          0x0802fbdf   Thumb Code   126  stm32f4xx_hal_nor.o(.text)
    HAL_NOR_ReadBuffer                       0x0802fc5d   Thumb Code   134  stm32f4xx_hal_nor.o(.text)
    HAL_NOR_ProgramBuffer                    0x0802fce3   Thumb Code   172  stm32f4xx_hal_nor.o(.text)
    HAL_NOR_Erase_Block                      0x0802fd8f   Thumb Code   138  stm32f4xx_hal_nor.o(.text)
    HAL_NOR_Erase_Chip                       0x0802fe19   Thumb Code   138  stm32f4xx_hal_nor.o(.text)
    HAL_NOR_Read_CFI                         0x0802fea3   Thumb Code   124  stm32f4xx_hal_nor.o(.text)
    HAL_NOR_WriteOperation_Enable            0x0802ff1f   Thumb Code    54  stm32f4xx_hal_nor.o(.text)
    HAL_NOR_WriteOperation_Disable           0x0802ff55   Thumb Code    60  stm32f4xx_hal_nor.o(.text)
    HAL_NOR_GetState                         0x0802ff91   Thumb Code     8  stm32f4xx_hal_nor.o(.text)
    HAL_NOR_GetStatus                        0x0802ff99   Thumb Code   132  stm32f4xx_hal_nor.o(.text)
    HAL_PCD_Init                             0x0803001f   Thumb Code   322  stm32f4xx_hal_pcd.o(.text)
    HAL_PCD_Stop                             0x08030163   Thumb Code    58  stm32f4xx_hal_pcd.o(.text)
    HAL_PCD_DeInit                           0x0803019d   Thumb Code    38  stm32f4xx_hal_pcd.o(.text)
    HAL_PCD_Start                            0x080301c3   Thumb Code    52  stm32f4xx_hal_pcd.o(.text)
    HAL_PCD_IRQHandler                       0x080302af   Thumb Code  1374  stm32f4xx_hal_pcd.o(.text)
    HAL_PCD_DevConnect                       0x0803080d   Thumb Code    46  stm32f4xx_hal_pcd.o(.text)
    HAL_PCD_DevDisconnect                    0x0803083b   Thumb Code    46  stm32f4xx_hal_pcd.o(.text)
    HAL_PCD_SetAddress                       0x08030869   Thumb Code    50  stm32f4xx_hal_pcd.o(.text)
    HAL_PCD_EP_Open                          0x0803089b   Thumb Code   140  stm32f4xx_hal_pcd.o(.text)
    HAL_PCD_EP_Close                         0x08030927   Thumb Code   106  stm32f4xx_hal_pcd.o(.text)
    HAL_PCD_EP_Receive                       0x08030991   Thumb Code   120  stm32f4xx_hal_pcd.o(.text)
    HAL_PCD_EP_GetRxCount                    0x08030a09   Thumb Code    24  stm32f4xx_hal_pcd.o(.text)
    HAL_PCD_EP_Transmit                      0x08030a21   Thumb Code   122  stm32f4xx_hal_pcd.o(.text)
    HAL_PCD_EP_SetStall                      0x08030a9b   Thumb Code   122  stm32f4xx_hal_pcd.o(.text)
    HAL_PCD_EP_ClrStall                      0x08030b15   Thumb Code   104  stm32f4xx_hal_pcd.o(.text)
    HAL_PCD_EP_Flush                         0x08030b7d   Thumb Code    68  stm32f4xx_hal_pcd.o(.text)
    HAL_PCD_ActivateRemoteWakeup             0x08030bc1   Thumb Code    36  stm32f4xx_hal_pcd.o(.text)
    HAL_PCD_DeActivateRemoteWakeup           0x08030be5   Thumb Code    24  stm32f4xx_hal_pcd.o(.text)
    HAL_PCD_GetState                         0x08030bfd   Thumb Code     8  stm32f4xx_hal_pcd.o(.text)
    HAL_PCDEx_SetTxFiFo                      0x08030c05   Thumb Code    82  stm32f4xx_hal_pcd_ex.o(.text)
    HAL_PCDEx_SetRxFiFo                      0x08030c57   Thumb Code    10  stm32f4xx_hal_pcd_ex.o(.text)
    HAL_RCC_OscConfig                        0x08030c63   Thumb Code   906  stm32f4xx_hal_rcc.o(.text)
    HAL_RCC_ClockConfig                      0x08030fed   Thumb Code   450  stm32f4xx_hal_rcc.o(.text)
    HAL_RCC_MCOConfig                        0x080311af   Thumb Code   186  stm32f4xx_hal_rcc.o(.text)
    HAL_RCC_EnableCSS                        0x08031269   Thumb Code     8  stm32f4xx_hal_rcc.o(.text)
    HAL_RCC_DisableCSS                       0x08031271   Thumb Code     8  stm32f4xx_hal_rcc.o(.text)
    HAL_RCC_GetSysClockFreq                  0x08031279   Thumb Code   170  stm32f4xx_hal_rcc.o(.text)
    HAL_RCC_GetHCLKFreq                      0x08031323   Thumb Code    44  stm32f4xx_hal_rcc.o(.text)
    HAL_RCC_GetPCLK1Freq                     0x0803134f   Thumb Code    38  stm32f4xx_hal_rcc.o(.text)
    HAL_RCC_GetPCLK2Freq                     0x08031375   Thumb Code    38  stm32f4xx_hal_rcc.o(.text)
    HAL_RCC_GetOscConfig                     0x0803139b   Thumb Code   316  stm32f4xx_hal_rcc.o(.text)
    HAL_RCC_GetClockConfig                   0x080314d7   Thumb Code    66  stm32f4xx_hal_rcc.o(.text)
    HAL_RCC_CSSCallback                      0x08031519   Thumb Code     2  stm32f4xx_hal_rcc.o(.text)
    HAL_RCC_NMI_IRQHandler                   0x0803151b   Thumb Code    30  stm32f4xx_hal_rcc.o(.text)
    HAL_RNG_Init                             0x08031543   Thumb Code    74  stm32f4xx_hal_rng.o(.text)
    HAL_RNG_DeInit                           0x0803158f   Thumb Code    54  stm32f4xx_hal_rng.o(.text)
    HAL_RNG_GenerateRandomNumber             0x080315c5   Thumb Code   118  stm32f4xx_hal_rng.o(.text)
    HAL_RNG_GenerateRandomNumber_IT          0x0803163b   Thumb Code    68  stm32f4xx_hal_rng.o(.text)
    HAL_RNG_ReadyDataCallback                0x0803167f   Thumb Code     2  stm32f4xx_hal_rng.o(.text)
    HAL_RNG_ErrorCallback                    0x08031681   Thumb Code     2  stm32f4xx_hal_rng.o(.text)
    HAL_RNG_IRQHandler                       0x08031683   Thumb Code    90  stm32f4xx_hal_rng.o(.text)
    HAL_RNG_GetRandomNumber                  0x080316dd   Thumb Code    24  stm32f4xx_hal_rng.o(.text)
    HAL_RNG_GetRandomNumber_IT               0x080316f5   Thumb Code    46  stm32f4xx_hal_rng.o(.text)
    HAL_RNG_ReadLastRandomNumber             0x08031723   Thumb Code     6  stm32f4xx_hal_rng.o(.text)
    HAL_RNG_GetState                         0x08031729   Thumb Code     6  stm32f4xx_hal_rng.o(.text)
    HAL_SD_Get_CardInfo                      0x080318e5   Thumb Code   756  stm32f4xx_hal_sd.o(.text)
    HAL_SD_Init                              0x08031ff1   Thumb Code   156  stm32f4xx_hal_sd.o(.text)
    HAL_SD_DeInit                            0x0803209f   Thumb Code    20  stm32f4xx_hal_sd.o(.text)
    HAL_SD_StopTransfer                      0x080320b3   Thumb Code    54  stm32f4xx_hal_sd.o(.text)
    HAL_SD_ReadBlocks                        0x080320e9   Thumb Code   506  stm32f4xx_hal_sd.o(.text)
    HAL_SD_WriteBlocks                       0x080324b3   Thumb Code   650  stm32f4xx_hal_sd.o(.text)
    HAL_SD_DMA_RxErrorCallback               0x0803273d   Thumb Code     2  stm32f4xx_hal_sd.o(.text)
    HAL_SD_DMA_RxCpltCallback                0x0803274d   Thumb Code     2  stm32f4xx_hal_sd.o(.text)
    HAL_SD_ReadBlocks_DMA                    0x08032775   Thumb Code   274  stm32f4xx_hal_sd.o(.text)
    HAL_SD_DMA_TxErrorCallback               0x08032887   Thumb Code     2  stm32f4xx_hal_sd.o(.text)
    HAL_SD_DMA_TxCpltCallback                0x08032897   Thumb Code     2  stm32f4xx_hal_sd.o(.text)
    HAL_SD_WriteBlocks_DMA                   0x080328b9   Thumb Code   270  stm32f4xx_hal_sd.o(.text)
    HAL_SD_CheckReadOperation                0x080329c7   Thumb Code   130  stm32f4xx_hal_sd.o(.text)
    HAL_SD_GetStatus                         0x08032ab7   Thumb Code    34  stm32f4xx_hal_sd.o(.text)
    HAL_SD_CheckWriteOperation               0x08032ad9   Thumb Code   142  stm32f4xx_hal_sd.o(.text)
    HAL_SD_Erase                             0x08032b67   Thumb Code   358  stm32f4xx_hal_sd.o(.text)
    HAL_SD_XferErrorCallback                 0x08032ccd   Thumb Code     2  stm32f4xx_hal_sd.o(.text)
    HAL_SD_XferCpltCallback                  0x08032ccf   Thumb Code     2  stm32f4xx_hal_sd.o(.text)
    HAL_SD_IRQHandler                        0x08032cd1   Thumb Code   192  stm32f4xx_hal_sd.o(.text)
    HAL_SD_WideBusOperation_Config           0x08033035   Thumb Code   126  stm32f4xx_hal_sd.o(.text)
    HAL_SD_HighSpeed                         0x080330b3   Thumb Code   386  stm32f4xx_hal_sd.o(.text)
    HAL_SD_SendSDStatus                      0x08033235   Thumb Code   364  stm32f4xx_hal_sd.o(.text)
    HAL_SD_GetCardStatus                     0x080333a1   Thumb Code   174  stm32f4xx_hal_sd.o(.text)
    HAL_SMARTCARD_Init                       0x08033647   Thumb Code   180  stm32f4xx_hal_smartcard.o(.text)
    HAL_SMARTCARD_DeInit                     0x080336fd   Thumb Code    58  stm32f4xx_hal_smartcard.o(.text)
    HAL_SMARTCARD_Transmit                   0x08033807   Thumb Code   162  stm32f4xx_hal_smartcard.o(.text)
    HAL_SMARTCARD_Receive                    0x080338a9   Thumb Code   132  stm32f4xx_hal_smartcard.o(.text)
    HAL_SMARTCARD_Transmit_IT                0x0803392d   Thumb Code   112  stm32f4xx_hal_smartcard.o(.text)
    HAL_SMARTCARD_Receive_IT                 0x0803399d   Thumb Code   112  stm32f4xx_hal_smartcard.o(.text)
    HAL_SMARTCARD_ErrorCallback              0x08033a0d   Thumb Code     2  stm32f4xx_hal_smartcard.o(.text)
    HAL_SMARTCARD_Transmit_DMA               0x08033a53   Thumb Code   128  stm32f4xx_hal_smartcard.o(.text)
    HAL_SMARTCARD_RxCpltCallback             0x08033ad3   Thumb Code     2  stm32f4xx_hal_smartcard.o(.text)
    HAL_SMARTCARD_Receive_DMA                0x08033af9   Thumb Code   118  stm32f4xx_hal_smartcard.o(.text)
    HAL_SMARTCARD_TxCpltCallback             0x08033b6f   Thumb Code     2  stm32f4xx_hal_smartcard.o(.text)
    HAL_SMARTCARD_IRQHandler                 0x08033c45   Thumb Code   284  stm32f4xx_hal_smartcard.o(.text)
    HAL_SMARTCARD_GetState                   0x08033d61   Thumb Code    20  stm32f4xx_hal_smartcard.o(.text)
    HAL_SMARTCARD_GetError                   0x08033d75   Thumb Code     6  stm32f4xx_hal_smartcard.o(.text)
    HAL_SPI_Init                             0x08033d8b   Thumb Code   160  stm32f4xx_hal_spi.o(.text)
    HAL_SPI_DeInit                           0x08033e2d   Thumb Code    54  stm32f4xx_hal_spi.o(.text)
    HAL_SPI_Transmit                         0x08033f2b   Thumb Code   406  stm32f4xx_hal_spi.o(.text)
    HAL_SPI_TransmitReceive                  0x080340eb   Thumb Code   576  stm32f4xx_hal_spi.o(.text)
    HAL_SPI_Receive                          0x0803432b   Thumb Code   552  stm32f4xx_hal_spi.o(.text)
    HAL_SPI_TxCpltCallback                   0x08034553   Thumb Code     2  stm32f4xx_hal_spi.o(.text)
    HAL_SPI_ErrorCallback                    0x08034555   Thumb Code     2  stm32f4xx_hal_spi.o(.text)
    HAL_SPI_Transmit_IT                      0x08034625   Thumb Code   214  stm32f4xx_hal_spi.o(.text)
    HAL_SPI_RxCpltCallback                   0x080346fb   Thumb Code     2  stm32f4xx_hal_spi.o(.text)
    HAL_SPI_TxRxCpltCallback                 0x08034835   Thumb Code     2  stm32f4xx_hal_spi.o(.text)
    HAL_SPI_TransmitReceive_IT               0x08034a27   Thumb Code   238  stm32f4xx_hal_spi.o(.text)
    HAL_SPI_Receive_IT                       0x08034b15   Thumb Code   232  stm32f4xx_hal_spi.o(.text)
    HAL_SPI_TxHalfCpltCallback               0x08034c97   Thumb Code     2  stm32f4xx_hal_spi.o(.text)
    HAL_SPI_Transmit_DMA                     0x08034ca7   Thumb Code   228  stm32f4xx_hal_spi.o(.text)
    HAL_SPI_RxHalfCpltCallback               0x08034e2d   Thumb Code     2  stm32f4xx_hal_spi.o(.text)
    HAL_SPI_TxRxHalfCpltCallback             0x08034f0b   Thumb Code     2  stm32f4xx_hal_spi.o(.text)
    HAL_SPI_TransmitReceive_DMA              0x08034f1b   Thumb Code   314  stm32f4xx_hal_spi.o(.text)
    HAL_SPI_Receive_DMA                      0x08035055   Thumb Code   258  stm32f4xx_hal_spi.o(.text)
    HAL_SPI_DMAPause                         0x08035157   Thumb Code    50  stm32f4xx_hal_spi.o(.text)
    HAL_SPI_DMAResume                        0x08035189   Thumb Code    50  stm32f4xx_hal_spi.o(.text)
    HAL_SPI_DMAStop                          0x080351bb   Thumb Code    46  stm32f4xx_hal_spi.o(.text)
    HAL_SPI_IRQHandler                       0x080351e9   Thumb Code   222  stm32f4xx_hal_spi.o(.text)
    HAL_SPI_GetState                         0x080352c7   Thumb Code     8  stm32f4xx_hal_spi.o(.text)
    HAL_SPI_GetError                         0x080352cf   Thumb Code     6  stm32f4xx_hal_spi.o(.text)
    TIM_Base_SetConfig                       0x080352e9   Thumb Code   184  stm32f4xx_hal_tim.o(.text)
    HAL_TIM_Base_MspInit                     0x080353a1   Thumb Code     2  stm32f4xx_hal_tim.o(.text)
    HAL_TIM_Base_Init                        0x080353a3   Thumb Code    52  stm32f4xx_hal_tim.o(.text)
    HAL_TIM_Base_MspDeInit                   0x080353d7   Thumb Code     2  stm32f4xx_hal_tim.o(.text)
    HAL_TIM_Base_DeInit                      0x080353d9   Thumb Code    70  stm32f4xx_hal_tim.o(.text)
    HAL_TIM_Base_Start                       0x0803541f   Thumb Code    30  stm32f4xx_hal_tim.o(.text)
    HAL_TIM_Base_Stop                        0x0803543d   Thumb Code    56  stm32f4xx_hal_tim.o(.text)
    HAL_TIM_Base_Start_IT                    0x08035475   Thumb Code    30  stm32f4xx_hal_tim.o(.text)
    HAL_TIM_Base_Stop_IT                     0x08035493   Thumb Code    56  stm32f4xx_hal_tim.o(.text)
    HAL_TIM_ErrorCallback                    0x080354cb   Thumb Code     2  stm32f4xx_hal_tim.o(.text)
    TIM_DMAError                             0x080354cd   Thumb Code    20  stm32f4xx_hal_tim.o(.text)
    HAL_TIM_PeriodElapsedCallback            0x080354e1   Thumb Code     2  stm32f4xx_hal_tim.o(.text)
    HAL_TIM_Base_Start_DMA                   0x080354f7   Thumb Code    96  stm32f4xx_hal_tim.o(.text)
    HAL_TIM_Base_Stop_DMA                    0x08035557   Thumb Code    62  stm32f4xx_hal_tim.o(.text)
    HAL_TIM_OC_MspInit                       0x08035595   Thumb Code     2  stm32f4xx_hal_tim.o(.text)
    HAL_TIM_OC_Init                          0x08035597   Thumb Code    52  stm32f4xx_hal_tim.o(.text)
    HAL_TIM_OC_MspDeInit                     0x080355cb   Thumb Code     2  stm32f4xx_hal_tim.o(.text)
    HAL_TIM_OC_DeInit                        0x080355cd   Thumb Code    70  stm32f4xx_hal_tim.o(.text)
    TIM_CCxChannelCmd                        0x08035613   Thumb Code    28  stm32f4xx_hal_tim.o(.text)
    HAL_TIM_OC_Start                         0x0803562f   Thumb Code    68  stm32f4xx_hal_tim.o(.text)
    HAL_TIM_OC_Stop                          0x08035673   Thumb Code   170  stm32f4xx_hal_tim.o(.text)
    HAL_TIM_OC_Start_IT                      0x0803571d   Thumb Code   144  stm32f4xx_hal_tim.o(.text)
    HAL_TIM_OC_Stop_IT                       0x080357ad   Thumb Code   196  stm32f4xx_hal_tim.o(.text)
    HAL_TIM_PWM_PulseFinishedCallback        0x08035871   Thumb Code     2  stm32f4xx_hal_tim.o(.text)
    TIM_DMADelayPulseCplt                    0x08035873   Thumb Code    70  stm32f4xx_hal_tim.o(.text)
    HAL_TIM_OC_Start_DMA                     0x080358b9   Thumb Code   310  stm32f4xx_hal_tim.o(.text)
    HAL_TIM_OC_Stop_DMA                      0x080359ef   Thumb Code   202  stm32f4xx_hal_tim.o(.text)
    HAL_TIM_PWM_Init                         0x08035abb   Thumb Code    52  stm32f4xx_hal_tim.o(.text)
    HAL_TIM_PWM_DeInit                       0x08035af1   Thumb Code    70  stm32f4xx_hal_tim.o(.text)
    HAL_TIM_PWM_Start                        0x08035b37   Thumb Code    78  stm32f4xx_hal_tim.o(.text)
    HAL_TIM_PWM_Stop                         0x08035b85   Thumb Code   126  stm32f4xx_hal_tim.o(.text)
    HAL_TIM_PWM_Start_IT                     0x08035c03   Thumb Code   144  stm32f4xx_hal_tim.o(.text)
    HAL_TIM_PWM_Stop_IT                      0x08035c93   Thumb Code   196  stm32f4xx_hal_tim.o(.text)
    HAL_TIM_PWM_Start_DMA                    0x08035d57   Thumb Code   310  stm32f4xx_hal_tim.o(.text)
    HAL_TIM_PWM_Stop_DMA                     0x08035e8d   Thumb Code   202  stm32f4xx_hal_tim.o(.text)
    HAL_TIM_IC_MspInit                       0x08035f57   Thumb Code     2  stm32f4xx_hal_tim.o(.text)
    HAL_TIM_IC_Init                          0x08035f59   Thumb Code    60  stm32f4xx_hal_tim.o(.text)
    HAL_TIM_IC_MspDeInit                     0x08035f95   Thumb Code     2  stm32f4xx_hal_tim.o(.text)
    HAL_TIM_IC_DeInit                        0x08035f97   Thumb Code    70  stm32f4xx_hal_tim.o(.text)
    HAL_TIM_IC_Start                         0x08035fdd   Thumb Code    32  stm32f4xx_hal_tim.o(.text)
    HAL_TIM_IC_Stop                          0x08035ffd   Thumb Code    58  stm32f4xx_hal_tim.o(.text)
    HAL_TIM_IC_Start_IT                      0x08036037   Thumb Code   108  stm32f4xx_hal_tim.o(.text)
    HAL_TIM_IC_Stop_IT                       0x080360a3   Thumb Code   134  stm32f4xx_hal_tim.o(.text)
    HAL_TIM_IC_CaptureCallback               0x08036129   Thumb Code     2  stm32f4xx_hal_tim.o(.text)
    TIM_DMACaptureCplt                       0x0803612b   Thumb Code    70  stm32f4xx_hal_tim.o(.text)
    HAL_TIM_IC_Start_DMA                     0x08036171   Thumb Code   274  stm32f4xx_hal_tim.o(.text)
    HAL_TIM_IC_Stop_DMA                      0x08036283   Thumb Code   140  stm32f4xx_hal_tim.o(.text)
    HAL_TIM_OnePulse_MspInit                 0x0803630f   Thumb Code     2  stm32f4xx_hal_tim.o(.text)
    HAL_TIM_OnePulse_Init                    0x08036311   Thumb Code    76  stm32f4xx_hal_tim.o(.text)
    HAL_TIM_OnePulse_MspDeInit               0x0803635d   Thumb Code     2  stm32f4xx_hal_tim.o(.text)
    HAL_TIM_OnePulse_DeInit                  0x0803635f   Thumb Code    70  stm32f4xx_hal_tim.o(.text)
    HAL_TIM_OnePulse_Start                   0x080363a5   Thumb Code    66  stm32f4xx_hal_tim.o(.text)
    HAL_TIM_OnePulse_Stop                    0x080363e7   Thumb Code   130  stm32f4xx_hal_tim.o(.text)
    HAL_TIM_OnePulse_Start_IT                0x08036469   Thumb Code    90  stm32f4xx_hal_tim.o(.text)
    HAL_TIM_OnePulse_Stop_IT                 0x080364c3   Thumb Code   154  stm32f4xx_hal_tim.o(.text)
    HAL_TIM_Encoder_MspInit                  0x0803655d   Thumb Code     2  stm32f4xx_hal_tim.o(.text)
    HAL_TIM_Encoder_Init                     0x0803655f   Thumb Code   180  stm32f4xx_hal_tim.o(.text)
    HAL_TIM_Encoder_MspDeInit                0x08036613   Thumb Code     2  stm32f4xx_hal_tim.o(.text)
    HAL_TIM_Encoder_DeInit                   0x08036615   Thumb Code    70  stm32f4xx_hal_tim.o(.text)
    HAL_TIM_Encoder_Start                    0x0803665b   Thumb Code    78  stm32f4xx_hal_tim.o(.text)
    HAL_TIM_Encoder_Stop                     0x080366a9   Thumb Code   104  stm32f4xx_hal_tim.o(.text)
    HAL_TIM_Encoder_Start_IT                 0x08036711   Thumb Code   126  stm32f4xx_hal_tim.o(.text)
    HAL_TIM_Encoder_Stop_IT                  0x0803678f   Thumb Code   162  stm32f4xx_hal_tim.o(.text)
    HAL_TIM_Encoder_Start_DMA                0x08036831   Thumb Code   328  stm32f4xx_hal_tim.o(.text)
    HAL_TIM_Encoder_Stop_DMA                 0x08036979   Thumb Code   152  stm32f4xx_hal_tim.o(.text)
    HAL_TIM_TriggerCallback                  0x08036a11   Thumb Code     2  stm32f4xx_hal_tim.o(.text)
    HAL_TIM_OC_DelayElapsedCallback          0x08036a13   Thumb Code     2  stm32f4xx_hal_tim.o(.text)
    HAL_TIM_IRQHandler                       0x08036a15   Thumb Code   406  stm32f4xx_hal_tim.o(.text)
    TIM_OC2_SetConfig                        0x08036c7d   Thumb Code   112  stm32f4xx_hal_tim.o(.text)
    HAL_TIM_OC_ConfigChannel                 0x08036d53   Thumb Code   116  stm32f4xx_hal_tim.o(.text)
    TIM_TI1_SetConfig                        0x08036e81   Thumb Code   122  stm32f4xx_hal_tim.o(.text)
    HAL_TIM_IC_ConfigChannel                 0x08036efb   Thumb Code   224  stm32f4xx_hal_tim.o(.text)
    HAL_TIM_PWM_ConfigChannel                0x08036fdb   Thumb Code   294  stm32f4xx_hal_tim.o(.text)
    HAL_TIM_OnePulse_ConfigChannel           0x08037101   Thumb Code   286  stm32f4xx_hal_tim.o(.text)
    HAL_TIM_DMABurst_WriteStart              0x08037233   Thumb Code   366  stm32f4xx_hal_tim.o(.text)
    HAL_TIM_DMABurst_WriteStop               0x080373a1   Thumb Code   128  stm32f4xx_hal_tim.o(.text)
    HAL_TIM_DMABurst_ReadStart               0x08037421   Thumb Code   366  stm32f4xx_hal_tim.o(.text)
    HAL_TIM_DMABurst_ReadStop                0x0803758f   Thumb Code   128  stm32f4xx_hal_tim.o(.text)
    HAL_TIM_GenerateEvent                    0x0803760f   Thumb Code    54  stm32f4xx_hal_tim.o(.text)
    HAL_TIM_ConfigOCrefClear                 0x0803765d   Thumb Code   252  stm32f4xx_hal_tim.o(.text)
    HAL_TIM_ConfigClockSource                0x080377c3   Thumb Code   306  stm32f4xx_hal_tim.o(.text)
    HAL_TIM_ConfigTI1Input                   0x080378f5   Thumb Code    24  stm32f4xx_hal_tim.o(.text)
    HAL_TIM_SlaveConfigSynchronization       0x080379b1   Thumb Code    86  stm32f4xx_hal_tim.o(.text)
    HAL_TIM_SlaveConfigSynchronization_IT    0x08037a07   Thumb Code    86  stm32f4xx_hal_tim.o(.text)
    HAL_TIM_ReadCapturedValue                0x08037a5d   Thumb Code    84  stm32f4xx_hal_tim.o(.text)
    HAL_TIM_Base_GetState                    0x08037ab1   Thumb Code     8  stm32f4xx_hal_tim.o(.text)
    HAL_TIM_OC_GetState                      0x08037ab9   Thumb Code     8  stm32f4xx_hal_tim.o(.text)
    HAL_TIM_PWM_GetState                     0x08037ac1   Thumb Code     8  stm32f4xx_hal_tim.o(.text)
    HAL_TIM_IC_GetState                      0x08037ac9   Thumb Code     8  stm32f4xx_hal_tim.o(.text)
    HAL_TIM_OnePulse_GetState                0x08037ad1   Thumb Code     8  stm32f4xx_hal_tim.o(.text)
    HAL_TIM_Encoder_GetState                 0x08037ad9   Thumb Code     8  stm32f4xx_hal_tim.o(.text)
    HAL_TIMEx_HallSensor_MspInit             0x08037ae1   Thumb Code     2  stm32f4xx_hal_tim_ex.o(.text)
    HAL_TIMEx_HallSensor_Init                0x08037ae3   Thumb Code   196  stm32f4xx_hal_tim_ex.o(.text)
    HAL_TIMEx_HallSensor_MspDeInit           0x08037ba7   Thumb Code     2  stm32f4xx_hal_tim_ex.o(.text)
    HAL_TIMEx_HallSensor_DeInit              0x08037ba9   Thumb Code    70  stm32f4xx_hal_tim_ex.o(.text)
    HAL_TIMEx_HallSensor_Start               0x08037bef   Thumb Code    30  stm32f4xx_hal_tim_ex.o(.text)
    HAL_TIMEx_HallSensor_Stop                0x08037c0d   Thumb Code    56  stm32f4xx_hal_tim_ex.o(.text)
    HAL_TIMEx_HallSensor_Start_IT            0x08037c45   Thumb Code    42  stm32f4xx_hal_tim_ex.o(.text)
    HAL_TIMEx_HallSensor_Stop_IT             0x08037c6f   Thumb Code    68  stm32f4xx_hal_tim_ex.o(.text)
    HAL_TIMEx_HallSensor_Start_DMA           0x08037cb3   Thumb Code   104  stm32f4xx_hal_tim_ex.o(.text)
    HAL_TIMEx_HallSensor_Stop_DMA            0x08037d1b   Thumb Code    68  stm32f4xx_hal_tim_ex.o(.text)
    HAL_TIMEx_OCN_Start                      0x08037d7b   Thumb Code    44  stm32f4xx_hal_tim_ex.o(.text)
    HAL_TIMEx_OCN_Stop                       0x08037da7   Thumb Code    96  stm32f4xx_hal_tim_ex.o(.text)
    HAL_TIMEx_OCN_Start_IT                   0x08037e07   Thumb Code   132  stm32f4xx_hal_tim_ex.o(.text)
    HAL_TIMEx_OCN_Stop_IT                    0x08037e8b   Thumb Code   196  stm32f4xx_hal_tim_ex.o(.text)
    HAL_TIMEx_OCN_Start_DMA                  0x08037f4f   Thumb Code   270  stm32f4xx_hal_tim_ex.o(.text)
    HAL_TIMEx_OCN_Stop_DMA                   0x0803805d   Thumb Code   192  stm32f4xx_hal_tim_ex.o(.text)
    HAL_TIMEx_PWMN_Start                     0x0803811d   Thumb Code    44  stm32f4xx_hal_tim_ex.o(.text)
    HAL_TIMEx_PWMN_Stop                      0x08038149   Thumb Code    96  stm32f4xx_hal_tim_ex.o(.text)
    HAL_TIMEx_PWMN_Start_IT                  0x080381a9   Thumb Code   132  stm32f4xx_hal_tim_ex.o(.text)
    HAL_TIMEx_PWMN_Stop_IT                   0x0803822d   Thumb Code   196  stm32f4xx_hal_tim_ex.o(.text)
    HAL_TIMEx_PWMN_Start_DMA                 0x080382f1   Thumb Code   270  stm32f4xx_hal_tim_ex.o(.text)
    HAL_TIMEx_PWMN_Stop_DMA                  0x080383ff   Thumb Code   178  stm32f4xx_hal_tim_ex.o(.text)
    HAL_TIMEx_OnePulseN_Start                0x080384b1   Thumb Code    32  stm32f4xx_hal_tim_ex.o(.text)
    HAL_TIMEx_OnePulseN_Stop                 0x080384d1   Thumb Code    96  stm32f4xx_hal_tim_ex.o(.text)
    HAL_TIMEx_OnePulseN_Start_IT             0x08038531   Thumb Code    56  stm32f4xx_hal_tim_ex.o(.text)
    HAL_TIMEx_OnePulseN_Stop_IT              0x08038569   Thumb Code   120  stm32f4xx_hal_tim_ex.o(.text)
    HAL_TIMEx_ConfigCommutationEvent         0x080385e1   Thumb Code   110  stm32f4xx_hal_tim_ex.o(.text)
    HAL_TIMEx_ConfigCommutationEvent_IT      0x0803864f   Thumb Code   122  stm32f4xx_hal_tim_ex.o(.text)
    HAL_TIMEx_CommutationCallback            0x080386c9   Thumb Code     2  stm32f4xx_hal_tim_ex.o(.text)
    TIMEx_DMACommutationCplt                 0x080386cb   Thumb Code    20  stm32f4xx_hal_tim_ex.o(.text)
    HAL_TIMEx_ConfigCommutationEvent_DMA     0x080386df   Thumb Code   146  stm32f4xx_hal_tim_ex.o(.text)
    HAL_TIMEx_MasterConfigSynchronization    0x08038771   Thumb Code    98  stm32f4xx_hal_tim_ex.o(.text)
    HAL_TIMEx_ConfigBreakDeadTime            0x080387d3   Thumb Code    80  stm32f4xx_hal_tim_ex.o(.text)
    HAL_TIMEx_RemapConfig                    0x08038823   Thumb Code    48  stm32f4xx_hal_tim_ex.o(.text)
    HAL_TIMEx_BreakCallback                  0x08038853   Thumb Code     2  stm32f4xx_hal_tim_ex.o(.text)
    HAL_TIMEx_HallSensor_GetState            0x08038855   Thumb Code     8  stm32f4xx_hal_tim_ex.o(.text)
    HAL_UART_Init                            0x08038bc3   Thumb Code   114  stm32f4xx_hal_uart.o(.text)
    HAL_HalfDuplex_Init                      0x08038c35   Thumb Code   128  stm32f4xx_hal_uart.o(.text)
    HAL_LIN_Init                             0x08038cb5   Thumb Code   142  stm32f4xx_hal_uart.o(.text)
    HAL_MultiProcessor_Init                  0x08038d43   Thumb Code   154  stm32f4xx_hal_uart.o(.text)
    HAL_UART_DeInit                          0x08038ddf   Thumb Code    46  stm32f4xx_hal_uart.o(.text)
    HAL_UART_Transmit                        0x08038f11   Thumb Code   196  stm32f4xx_hal_uart.o(.text)
    HAL_UART_Receive                         0x08038fd5   Thumb Code   204  stm32f4xx_hal_uart.o(.text)
    HAL_UART_Transmit_IT                     0x080390a1   Thumb Code    88  stm32f4xx_hal_uart.o(.text)
    HAL_UART_Receive_IT                      0x080390f9   Thumb Code   112  stm32f4xx_hal_uart.o(.text)
    HAL_UART_ErrorCallback                   0x08039169   Thumb Code     2  stm32f4xx_hal_uart.o(.text)
    HAL_UART_TxHalfCpltCallback              0x08039191   Thumb Code     2  stm32f4xx_hal_uart.o(.text)
    HAL_UART_TxCpltCallback                  0x080391a1   Thumb Code     2  stm32f4xx_hal_uart.o(.text)
    HAL_UART_Transmit_DMA                    0x080391d9   Thumb Code   134  stm32f4xx_hal_uart.o(.text)
    HAL_UART_RxHalfCpltCallback              0x0803925f   Thumb Code     2  stm32f4xx_hal_uart.o(.text)
    HAL_UART_RxCpltCallback                  0x0803926f   Thumb Code     2  stm32f4xx_hal_uart.o(.text)
    HAL_UART_Receive_DMA                     0x0803929f   Thumb Code   124  stm32f4xx_hal_uart.o(.text)
    HAL_UART_DMAPause                        0x0803931b   Thumb Code    78  stm32f4xx_hal_uart.o(.text)
    HAL_UART_DMAResume                       0x08039369   Thumb Code   102  stm32f4xx_hal_uart.o(.text)
    HAL_UART_DMAStop                         0x080393cf   Thumb Code    62  stm32f4xx_hal_uart.o(.text)
    HAL_UART_IRQHandler                      0x0803953b   Thumb Code   330  stm32f4xx_hal_uart.o(.text)
    HAL_LIN_SendBreak                        0x08039685   Thumb Code    62  stm32f4xx_hal_uart.o(.text)
    HAL_MultiProcessor_EnterMuteMode         0x080396c3   Thumb Code    62  stm32f4xx_hal_uart.o(.text)
    HAL_MultiProcessor_ExitMuteMode          0x08039701   Thumb Code    62  stm32f4xx_hal_uart.o(.text)
    HAL_HalfDuplex_EnableTransmitter         0x0803973f   Thumb Code    68  stm32f4xx_hal_uart.o(.text)
    HAL_HalfDuplex_EnableReceiver            0x08039783   Thumb Code    68  stm32f4xx_hal_uart.o(.text)
    HAL_UART_GetState                        0x080397c7   Thumb Code    20  stm32f4xx_hal_uart.o(.text)
    HAL_UART_GetError                        0x080397db   Thumb Code     6  stm32f4xx_hal_uart.o(.text)
    FMC_NORSRAM_Init                         0x080397e1   Thumb Code   112  stm32f4xx_ll_fmc.o(.text)
    FMC_NORSRAM_DeInit                       0x08039851   Thumb Code    56  stm32f4xx_ll_fmc.o(.text)
    FMC_NORSRAM_Timing_Init                  0x08039889   Thumb Code    94  stm32f4xx_ll_fmc.o(.text)
    FMC_NORSRAM_Extended_Timing_Init         0x080398e7   Thumb Code    66  stm32f4xx_ll_fmc.o(.text)
    FMC_NORSRAM_WriteOperation_Enable        0x08039929   Thumb Code    18  stm32f4xx_ll_fmc.o(.text)
    FMC_NORSRAM_WriteOperation_Disable       0x0803993b   Thumb Code    18  stm32f4xx_ll_fmc.o(.text)
    FMC_NAND_Init                            0x0803994d   Thumb Code    70  stm32f4xx_ll_fmc.o(.text)
    FMC_NAND_CommonSpace_Timing_Init         0x08039993   Thumb Code    54  stm32f4xx_ll_fmc.o(.text)
    FMC_NAND_AttributeSpace_Timing_Init      0x080399c9   Thumb Code    54  stm32f4xx_ll_fmc.o(.text)
    FMC_NAND_DeInit                          0x080399ff   Thumb Code    66  stm32f4xx_ll_fmc.o(.text)
    FMC_NAND_ECC_Enable                      0x08039a41   Thumb Code    28  stm32f4xx_ll_fmc.o(.text)
    FMC_NAND_ECC_Disable                     0x08039a5d   Thumb Code    28  stm32f4xx_ll_fmc.o(.text)
    FMC_NAND_GetECC                          0x08039a79   Thumb Code    88  stm32f4xx_ll_fmc.o(.text)
    FMC_PCCARD_Init                          0x08039ad1   Thumb Code    38  stm32f4xx_ll_fmc.o(.text)
    FMC_PCCARD_CommonSpace_Timing_Init       0x08039af7   Thumb Code    38  stm32f4xx_ll_fmc.o(.text)
    FMC_PCCARD_AttributeSpace_Timing_Init    0x08039b1d   Thumb Code    38  stm32f4xx_ll_fmc.o(.text)
    FMC_PCCARD_IOSpace_Timing_Init           0x08039b43   Thumb Code    38  stm32f4xx_ll_fmc.o(.text)
    FMC_PCCARD_DeInit                        0x08039b69   Thumb Code    32  stm32f4xx_ll_fmc.o(.text)
    FMC_SDRAM_Init                           0x08039b89   Thumb Code   134  stm32f4xx_ll_fmc.o(.text)
    FMC_SDRAM_Timing_Init                    0x08039c0f   Thumb Code   152  stm32f4xx_ll_fmc.o(.text)
    FMC_SDRAM_DeInit                         0x08039ca7   Thumb Code    32  stm32f4xx_ll_fmc.o(.text)
    FMC_SDRAM_WriteProtection_Enable         0x08039cc7   Thumb Code    18  stm32f4xx_ll_fmc.o(.text)
    FMC_SDRAM_WriteProtection_Disable        0x08039cd9   Thumb Code    18  stm32f4xx_ll_fmc.o(.text)
    FMC_SDRAM_SendCommand                    0x08039ceb   Thumb Code    82  stm32f4xx_ll_fmc.o(.text)
    FMC_SDRAM_ProgramRefreshRate             0x08039d3d   Thumb Code    14  stm32f4xx_ll_fmc.o(.text)
    FMC_SDRAM_SetAutoRefreshNumber           0x08039d4b   Thumb Code    14  stm32f4xx_ll_fmc.o(.text)
    FMC_SDRAM_GetModeStatus                  0x08039d59   Thumb Code    24  stm32f4xx_ll_fmc.o(.text)
    SDIO_Init                                0x08039d71   Thumb Code    52  stm32f4xx_ll_sdmmc.o(.text)
    SDIO_ReadFIFO                            0x08039da5   Thumb Code     8  stm32f4xx_ll_sdmmc.o(.text)
    SDIO_WriteFIFO                           0x08039dad   Thumb Code    12  stm32f4xx_ll_sdmmc.o(.text)
    SDIO_PowerState_ON                       0x08039db9   Thumb Code    10  stm32f4xx_ll_sdmmc.o(.text)
    SDIO_PowerState_OFF                      0x08039dc3   Thumb Code     8  stm32f4xx_ll_sdmmc.o(.text)
    SDIO_GetPowerState                       0x08039dcb   Thumb Code    10  stm32f4xx_ll_sdmmc.o(.text)
    SDIO_SendCommand                         0x08039dd5   Thumb Code    40  stm32f4xx_ll_sdmmc.o(.text)
    SDIO_GetCommandResponse                  0x08039dfd   Thumb Code     8  stm32f4xx_ll_sdmmc.o(.text)
    SDIO_GetResponse                         0x08039e05   Thumb Code    20  stm32f4xx_ll_sdmmc.o(.text)
    SDIO_DataConfig                          0x08039e19   Thumb Code    44  stm32f4xx_ll_sdmmc.o(.text)
    SDIO_GetDataCounter                      0x08039e45   Thumb Code     6  stm32f4xx_ll_sdmmc.o(.text)
    SDIO_GetFIFOCount                        0x08039e4b   Thumb Code     8  stm32f4xx_ll_sdmmc.o(.text)
    SDIO_SetSDIOReadWaitMode                 0x08039e53   Thumb Code    10  stm32f4xx_ll_sdmmc.o(.text)
    USB_CoreInit                             0x08039eab   Thumb Code   108  stm32f4xx_ll_usb.o(.text)
    USB_EnableGlobalInt                      0x08039f17   Thumb Code    14  stm32f4xx_ll_usb.o(.text)
    USB_DisableGlobalInt                     0x08039f25   Thumb Code    14  stm32f4xx_ll_usb.o(.text)
    USB_SetCurrentMode                       0x08039f33   Thumb Code    48  stm32f4xx_ll_usb.o(.text)
    USB_FlushRxFifo                          0x08039f63   Thumb Code    38  stm32f4xx_ll_usb.o(.text)
    USB_FlushTxFifo                          0x08039f89   Thumb Code    44  stm32f4xx_ll_usb.o(.text)
    USB_SetDevSpeed                          0x08039fb5   Thumb Code    16  stm32f4xx_ll_usb.o(.text)
    USB_DevInit                              0x08039fc5   Thumb Code   396  stm32f4xx_ll_usb.o(.text)
    USB_GetDevSpeed                          0x0803a151   Thumb Code    68  stm32f4xx_ll_usb.o(.text)
    USB_ActivateEndpoint                     0x0803a195   Thumb Code   220  stm32f4xx_ll_usb.o(.text)
    USB_ActivateDedicatedEndpoint            0x0803a271   Thumb Code   276  stm32f4xx_ll_usb.o(.text)
    USB_DeactivateEndpoint                   0x0803a385   Thumb Code   162  stm32f4xx_ll_usb.o(.text)
    USB_DeactivateDedicatedEndpoint          0x0803a427   Thumb Code   112  stm32f4xx_ll_usb.o(.text)
    USB_WritePacket                          0x0803a497   Thumb Code    48  stm32f4xx_ll_usb.o(.text)
    USB_EPStartXfer                          0x0803a4c7   Thumb Code   726  stm32f4xx_ll_usb.o(.text)
    USB_EP0StartXfer                         0x0803a79d   Thumb Code   432  stm32f4xx_ll_usb.o(.text)
    USB_ReadPacket                           0x0803a94d   Thumb Code    34  stm32f4xx_ll_usb.o(.text)
    USB_EPSetStall                           0x0803a96f   Thumb Code   140  stm32f4xx_ll_usb.o(.text)
    USB_EPClearStall                         0x0803a9fb   Thumb Code   136  stm32f4xx_ll_usb.o(.text)
    USB_StopDevice                           0x0803aa83   Thumb Code    86  stm32f4xx_ll_usb.o(.text)
    USB_SetDevAddress                        0x0803aad9   Thumb Code    36  stm32f4xx_ll_usb.o(.text)
    USB_DevConnect                           0x0803aafd   Thumb Code    30  stm32f4xx_ll_usb.o(.text)
    USB_DevDisconnect                        0x0803ab1b   Thumb Code    30  stm32f4xx_ll_usb.o(.text)
    USB_ReadInterrupts                       0x0803ab39   Thumb Code    12  stm32f4xx_ll_usb.o(.text)
    USB_ReadDevAllOutEpInterrupt             0x0803ab45   Thumb Code    18  stm32f4xx_ll_usb.o(.text)
    USB_ReadDevAllInEpInterrupt              0x0803ab57   Thumb Code    18  stm32f4xx_ll_usb.o(.text)
    USB_ReadDevOutEPInterrupt                0x0803ab69   Thumb Code    22  stm32f4xx_ll_usb.o(.text)
    USB_ReadDevInEPInterrupt                 0x0803ab7f   Thumb Code    44  stm32f4xx_ll_usb.o(.text)
    USB_ClearInterrupts                      0x0803abab   Thumb Code     8  stm32f4xx_ll_usb.o(.text)
    USB_GetMode                              0x0803abb3   Thumb Code    10  stm32f4xx_ll_usb.o(.text)
    USB_ActivateSetup                        0x0803abbd   Thumb Code    68  stm32f4xx_ll_usb.o(.text)
    USB_EP0_OutStart                         0x0803ac01   Thumb Code    68  stm32f4xx_ll_usb.o(.text)
    USB_DriveVbus                            0x0803ac45   Thumb Code    68  stm32f4xx_ll_usb.o(.text)
    USB_HostInit                             0x0803ac89   Thumb Code   214  stm32f4xx_ll_usb.o(.text)
    USB_InitFSLSPClkSel                      0x0803ad5f   Thumb Code    62  stm32f4xx_ll_usb.o(.text)
    USB_ResetPort                            0x0803ad9d   Thumb Code    48  stm32f4xx_ll_usb.o(.text)
    USB_GetHostSpeed                         0x0803adcd   Thumb Code    18  stm32f4xx_ll_usb.o(.text)
    USB_GetCurrentFrame                      0x0803addf   Thumb Code    12  stm32f4xx_ll_usb.o(.text)
    USB_HC_Init                              0x0803adeb   Thumb Code   392  stm32f4xx_ll_usb.o(.text)
    USB_DoPing                               0x0803af73   Thumb Code    60  stm32f4xx_ll_usb.o(.text)
    USB_HC_StartXfer                         0x0803afaf   Thumb Code   412  stm32f4xx_ll_usb.o(.text)
    USB_HC_ReadInterrupt                     0x0803b14b   Thumb Code    12  stm32f4xx_ll_usb.o(.text)
    USB_HC_Halt                              0x0803b157   Thumb Code   376  stm32f4xx_ll_usb.o(.text)
    USB_StopHost                             0x0803b2cf   Thumb Code   174  stm32f4xx_ll_usb.o(.text)
    USBD_Init                                0x0803b37d   Thumb Code    50  usbd_core.o(.text)
    USBD_DeInit                              0x0803b3af   Thumb Code    38  usbd_core.o(.text)
    USBD_RegisterClass                       0x0803b3d5   Thumb Code    16  usbd_core.o(.text)
    USBD_Start                               0x0803b3e5   Thumb Code    14  usbd_core.o(.text)
    USBD_Stop                                0x0803b3f3   Thumb Code    26  usbd_core.o(.text)
    USBD_RunTestMode                         0x0803b40d   Thumb Code     6  usbd_core.o(.text)
    USBD_SetClassConfig                      0x0803b413   Thumb Code    34  usbd_core.o(.text)
    USBD_ClrClassConfig                      0x0803b435   Thumb Code    22  usbd_core.o(.text)
    USBD_LL_SetupStage                       0x0803b44b   Thumb Code   110  usbd_core.o(.text)
    USBD_LL_DataOutStage                     0x0803b4b9   Thumb Code   134  usbd_core.o(.text)
    USBD_LL_DataInStage                      0x0803b53f   Thumb Code   218  usbd_core.o(.text)
    USBD_LL_Reset                            0x0803b619   Thumb Code    68  usbd_core.o(.text)
    USBD_LL_SetSpeed                         0x0803b65d   Thumb Code     8  usbd_core.o(.text)
    USBD_LL_Suspend                          0x0803b665   Thumb Code    20  usbd_core.o(.text)
    USBD_LL_Resume                           0x0803b679   Thumb Code    14  usbd_core.o(.text)
    USBD_LL_SOF                              0x0803b687   Thumb Code    34  usbd_core.o(.text)
    USBD_LL_IsoINIncomplete                  0x0803b6a9   Thumb Code     6  usbd_core.o(.text)
    USBD_LL_IsoOUTIncomplete                 0x0803b6af   Thumb Code     6  usbd_core.o(.text)
    USBD_LL_DevConnected                     0x0803b6b5   Thumb Code     6  usbd_core.o(.text)
    USBD_LL_DevDisconnected                  0x0803b6bb   Thumb Code    26  usbd_core.o(.text)
    USBD_CtlError                            0x0803b6d5   Thumb Code    24  usbd_ctlreq.o(.text)
    USBD_StdDevReq                           0x0803ba5f   Thumb Code   114  usbd_ctlreq.o(.text)
    USBD_StdItfReq                           0x0803bad1   Thumb Code    74  usbd_ctlreq.o(.text)
    USBD_StdEPReq                            0x0803bb1b   Thumb Code   346  usbd_ctlreq.o(.text)
    USBD_ParseSetupRequest                   0x0803bc75   Thumb Code    40  usbd_ctlreq.o(.text)
    USBD_GetString                           0x0803bcb1   Thumb Code    82  usbd_ctlreq.o(.text)
    USBD_CtlSendData                         0x0803bd03   Thumb Code    34  usbd_ioreq.o(.text)
    USBD_CtlContinueSendData                 0x0803bd25   Thumb Code    24  usbd_ioreq.o(.text)
    USBD_CtlPrepareRx                        0x0803bd3d   Thumb Code    40  usbd_ioreq.o(.text)
    USBD_CtlContinueRx                       0x0803bd65   Thumb Code    24  usbd_ioreq.o(.text)
    USBD_CtlSendStatus                       0x0803bd7d   Thumb Code    26  usbd_ioreq.o(.text)
    USBD_CtlReceiveStatus                    0x0803bd97   Thumb Code    26  usbd_ioreq.o(.text)
    USBD_GetRxCount                          0x0803bdb1   Thumb Code    18  usbd_ioreq.o(.text)
    USBD_MSC_Init                            0x0803bdc5   Thumb Code   100  usbd_msc.o(.text)
    USBD_MSC_DeInit                          0x0803be29   Thumb Code    52  usbd_msc.o(.text)
    USBD_MSC_Setup                           0x0803be5d   Thumb Code   298  usbd_msc.o(.text)
    USBD_MSC_DataIn                          0x0803bf87   Thumb Code    18  usbd_msc.o(.text)
    USBD_MSC_DataOut                         0x0803bf99   Thumb Code    18  usbd_msc.o(.text)
    USBD_MSC_GetHSCfgDesc                    0x0803bfab   Thumb Code    10  usbd_msc.o(.text)
    USBD_MSC_GetFSCfgDesc                    0x0803bfb5   Thumb Code    10  usbd_msc.o(.text)
    USBD_MSC_GetOtherSpeedCfgDesc            0x0803bfbf   Thumb Code    10  usbd_msc.o(.text)
    USBD_MSC_GetDeviceQualifierDescriptor    0x0803bfc9   Thumb Code    10  usbd_msc.o(.text)
    USBD_MSC_RegisterStorage                 0x0803bfd3   Thumb Code    12  usbd_msc.o(.text)
    MSC_BOT_Init                             0x0803bff1   Thumb Code    70  usbd_msc_bot.o(.text)
    MSC_BOT_Reset                            0x0803c037   Thumb Code    34  usbd_msc_bot.o(.text)
    MSC_BOT_DeInit                           0x0803c059   Thumb Code    10  usbd_msc_bot.o(.text)
    MSC_BOT_SendCSW                          0x0803c063   Thumb Code    60  usbd_msc_bot.o(.text)
    MSC_BOT_DataIn                           0x0803c09f   Thumb Code    80  usbd_msc_bot.o(.text)
    MSC_BOT_DataOut                          0x0803c277   Thumb Code    70  usbd_msc_bot.o(.text)
    MSC_BOT_CplClrFeature                    0x0803c2bd   Thumb Code    54  usbd_msc_bot.o(.text)
    SCSI_SenseCode                           0x0803c2fd   Thumb Code    76  usbd_msc_scsi.o(.text)
    SCSI_ProcessCmd                          0x0803ca6d   Thumb Code   232  usbd_msc_scsi.o(.text)
    malloc                                   0x0803cb61   Thumb Code    94  h1_alloc.o(.text)
    free                                     0x0803cbbf   Thumb Code    78  h1_free.o(.text)
    __aeabi_uldivmod                         0x0803cc0d   Thumb Code     0  lludivv7m.o(.text)
    _ll_udiv                                 0x0803cc0d   Thumb Code   238  lludivv7m.o(.text)
    memcmp                                   0x0803ccfb   Thumb Code    88  memcmp.o(.text)
    __aeabi_memcpy                           0x0803cd53   Thumb Code     0  rt_memcpy_v6.o(.text)
    __rt_memcpy                              0x0803cd53   Thumb Code   138  rt_memcpy_v6.o(.text)
    _memcpy_lastbytes                        0x0803cdb9   Thumb Code     0  rt_memcpy_v6.o(.text)
    __aeabi_memmove                          0x0803cddd   Thumb Code     0  rt_memmove_v6.o(.text)
    __rt_memmove                             0x0803cddd   Thumb Code   132  rt_memmove_v6.o(.text)
    __memmove_lastfew                        0x0803ce3d   Thumb Code     0  rt_memmove_v6.o(.text)
    __aeabi_memcpy4                          0x0803ce61   Thumb Code     0  rt_memcpy_w.o(.text)
    __aeabi_memcpy8                          0x0803ce61   Thumb Code     0  rt_memcpy_w.o(.text)
    __rt_memcpy_w                            0x0803ce61   Thumb Code   100  rt_memcpy_w.o(.text)
    _memcpy_lastbytes_aligned                0x0803cea9   Thumb Code     0  rt_memcpy_w.o(.text)
    __aeabi_memset                           0x0803cec5   Thumb Code    16  aeabi_memset.o(.text)
    __aeabi_memclr                           0x0803ced5   Thumb Code     0  rt_memclr.o(.text)
    __rt_memclr                              0x0803ced5   Thumb Code    68  rt_memclr.o(.text)
    _memset                                  0x0803ced9   Thumb Code     0  rt_memclr.o(.text)
    __aeabi_memclr4                          0x0803cf19   Thumb Code     0  rt_memclr_w.o(.text)
    __aeabi_memclr8                          0x0803cf19   Thumb Code     0  rt_memclr_w.o(.text)
    __rt_memclr_w                            0x0803cf19   Thumb Code    78  rt_memclr_w.o(.text)
    _memset_w                                0x0803cf1d   Thumb Code     0  rt_memclr_w.o(.text)
    __use_two_region_memory                  0x0803cf67   Thumb Code     2  heapauxi.o(.text)
    __rt_heap_escrow                         0x0803cf69   Thumb Code     2  heapauxi.o(.text)
    __rt_heap_expand                         0x0803cf6b   Thumb Code     2  heapauxi.o(.text)
    __rt_heap_descriptor                     0x0803cf6d   Thumb Code     8  rt_heap_descriptor_intlibspace.o(.text)
    __use_no_heap                            0x0803cf75   Thumb Code     2  hguard.o(.text)
    __heap$guard                             0x0803cf77   Thumb Code     2  hguard.o(.text)
    _terminate_user_alloc                    0x0803cf79   Thumb Code     2  init_alloc.o(.text)
    _init_user_alloc                         0x0803cf7b   Thumb Code     2  init_alloc.o(.text)
    __Heap_Full                              0x0803cf7d   Thumb Code    34  init_alloc.o(.text)
    __Heap_Broken                            0x0803cf9f   Thumb Code     6  init_alloc.o(.text)
    _init_alloc                              0x0803cfa5   Thumb Code    94  init_alloc.o(.text)
    __Heap_Initialize                        0x0803d003   Thumb Code    10  h1_init.o(.text)
    __Heap_DescSize                          0x0803d00d   Thumb Code     4  h1_init.o(.text)
    __aeabi_memmove4                         0x0803d011   Thumb Code     0  rt_memmove_w.o(.text)
    __aeabi_memmove8                         0x0803d011   Thumb Code     0  rt_memmove_w.o(.text)
    __rt_memmove_w                           0x0803d011   Thumb Code   122  rt_memmove_w.o(.text)
    __memmove_aligned                        0x0803d037   Thumb Code     0  rt_memmove_w.o(.text)
    __memmove_lastfew_aligned                0x0803d06f   Thumb Code     0  rt_memmove_w.o(.text)
    __user_libspace                          0x0803d08d   Thumb Code     8  libspace.o(.text)
    __user_perproc_libspace                  0x0803d08d   Thumb Code     0  libspace.o(.text)
    __user_perthread_libspace                0x0803d08d   Thumb Code     0  libspace.o(.text)
    __Heap_ProvideMemory                     0x0803d095   Thumb Code    52  h1_extend.o(.text)
    __rt_SIGRTMEM                            0x0803d0c9   Thumb Code    14  defsig_rtmem_outer.o(.text)
    __I$use$semihosting                      0x0803d0d7   Thumb Code     0  use_no_semi.o(.text)
    __use_no_semihosting_swi                 0x0803d0d7   Thumb Code     2  use_no_semi.o(.text)
    __semihosting_library_function           0x0803d0d9   Thumb Code     0  indicate_semi.o(.text)
    __user_setup_stackheap                   0x0803d0d9   Thumb Code    74  sys_stackheap_outer.o(.text)
    exit                                     0x0803d123   Thumb Code    18  exit.o(.text)
    __sig_exit                               0x0803d135   Thumb Code    10  defsig_exit.o(.text)
    __rt_SIGRTMEM_inner                      0x0803d141   Thumb Code    22  defsig_rtmem_inner.o(.text)
    _sys_exit                                0x0803d191   Thumb Code     8  sys_exit.o(.text)
    __default_signal_display                 0x0803d19d   Thumb Code    50  defsig_general.o(.text)
    _ttywrch                                 0x0803d1cf   Thumb Code    14  sys_wrch.o(.text)
    _fp_init                                 0x0803d1dd   Thumb Code    10  fpinit.o(x$fpl$fpinit)
    __fplib_config_fpu_vfp                   0x0803d1e5   Thumb Code     0  fpinit.o(x$fpl$fpinit)
    __fplib_config_pureend_doubles           0x0803d1e5   Thumb Code     0  fpinit.o(x$fpl$fpinit)
    B5Te0_S                                  0x0803d1e8   Data        1024  aes256.o(.constdata)
    B5Te1_S                                  0x0803d5e8   Data        1024  aes256.o(.constdata)
    B5Te2_S                                  0x0803d9e8   Data        1024  aes256.o(.constdata)
    B5Te3_S                                  0x0803dde8   Data        1024  aes256.o(.constdata)
    B5Te4_S                                  0x0803e1e8   Data        1024  aes256.o(.constdata)
    B5Td0_S                                  0x0803e5e8   Data        1024  aes256.o(.constdata)
    B5Td1_S                                  0x0803e9e8   Data        1024  aes256.o(.constdata)
    B5Td2_S                                  0x0803ede8   Data        1024  aes256.o(.constdata)
    B5Td3_S                                  0x0803f1e8   Data        1024  aes256.o(.constdata)
    B5Td4_S                                  0x0803f5e8   Data        1024  aes256.o(.constdata)
    B5_rcon                                  0x0803f9e8   Data          40  aes256.o(.constdata)
    se3_magic                                0x0803fa10   Data          32  se3_common.o(.constdata)
    se3_hello                                0x0803fa30   Data          32  se3_communication_core.o(.constdata)
    AHBPrescTable                            0x0803fa50   Data          16  system_stm32f4xx.o(.constdata)
    APBPrescTable                            0x0803fa60   Data           8  system_stm32f4xx.o(.constdata)
    STORAGE_Inquirydata_HS                   0x0803fa68   Data          36  usbd_storage_if.o(.constdata)
    APBAHBPrescTable                         0x0803fa94   Data          16  stm32f4xx_hal_rcc.o(.constdata)
    MSC_Page00_Inquiry_Data                  0x0803faa4   Data           7  usbd_msc_data.o(.constdata)
    MSC_Mode_Sense6_data                     0x0803faab   Data           8  usbd_msc_data.o(.constdata)
    MSC_Mode_Sense10_data                    0x0803fab3   Data           8  usbd_msc_data.o(.constdata)
    Region$$Table$$Base                      0x0803fabc   Number         0  anon$$obj.o(Region$$Table)
    Region$$Table$$Limit                     0x0803fadc   Number         0  anon$$obj.o(Region$$Table)
    hwerror                                  0x20000000   Data           2  se3_common.o(.data)
    algo_implementation                      0x200000c4   Data           1  se3_dispatcher_core.o(.data)
    crypto_algo                              0x200000c5   Data           1  se3_dispatcher_core.o(.data)
    algo_table                               0x200000c8   Data         208  se3_security_core.o(.data)
    hcrc                                     0x20000198   Data           8  crc.o(.data)
    SystemCoreClock                          0x200001a8   Data           4  system_stm32f4xx.o(.data)
    HS_Desc                                  0x200001ac   Data          28  usbd_desc.o(.data)
    USBD_HS_DeviceDesc                       0x200001c8   Data          18  usbd_desc.o(.data)
    USBD_LangIDDesc                          0x200001dc   Data           4  usbd_desc.o(.data)
    hUsbDevice_1                             0x200001e0   Data           4  usbd_storage_if.o(.data)
    USBD_Storage_Interface_fops_HS           0x200001e4   Data          32  usbd_storage_if.o(.data)
    uwTick                                   0x20000204   Data           4  stm32f4xx_hal.o(.data)
    USBD_MSC                                 0x20000210   Data          56  usbd_msc.o(.data)
    USBD_MSC_CfgHSDesc                       0x20000248   Data          32  usbd_msc.o(.data)
    USBD_MSC_CfgFSDesc                       0x20000268   Data          32  usbd_msc.o(.data)
    USBD_MSC_OtherSpeedCfgDesc               0x20000288   Data          32  usbd_msc.o(.data)
    USBD_MSC_DeviceQualifierDesc             0x200002a8   Data          10  usbd_msc.o(.data)
    serial                                   0x200002b4   Data          33  se3_common.o(.bss)
    comm                                     0x200002d8   Data         108  se3_communication_core.o(.bss)
    req_hdr                                  0x20000344   Data          68  se3_communication_core.o(.bss)
    resp_hdr                                 0x20000388   Data          68  se3_communication_core.o(.bss)
    se3_comm_request_buffer                  0x200003cc   Data        8192  se3_communication_core.o(.bss)
    se3_comm_response_buffer                 0x200023cc   Data        8192  se3_communication_core.o(.bss)
    login_struct                             0x200043cc   Data        1228  se3_dispatcher_core.o(.bss)
    se3_sessions_buf                         0x20004898   Data       32768  se3_core.o(.bss)
    se3_sessions_index                       0x2000c898   Data         400  se3_core.o(.bss)
    flash                                    0x2000ca28   Data          28  se3_flash.o(.bss)
    se3_security_info                        0x2000ca44   Data         228  se3_security_core.o(.bss)
    ctx                                      0x2000cb28   Data         360  se3_security_core.o(.bss)
    key_iterator                             0x2000cc90   Data          16  se3_sekey.o(.bss)
    hadc1                                    0x2000cca0   Data          72  adc.o(.bss)
    hnor1                                    0x2000cce8   Data          76  fmc.o(.bss)
    hnor2                                    0x2000cd34   Data          76  fmc.o(.bss)
    hi2c2                                    0x2000cd80   Data          68  i2c.o(.bss)
    hrng                                     0x2000cdc4   Data          12  rng.o(.bss)
    hsd                                      0x2000cdd0   Data          96  sdio.o(.bss)
    SDCardInfo                               0x2000ce30   Data          88  sdio.o(.bss)
    hdma_sdio_rx                             0x2000ce88   Data          88  sdio.o(.bss)
    hdma_sdio_tx                             0x2000cee0   Data          88  sdio.o(.bss)
    hspi5                                    0x2000cf38   Data          88  spi.o(.bss)
    htim4                                    0x2000cf90   Data          60  tim.o(.bss)
    huart1                                   0x2000cfcc   Data          64  usart.o(.bss)
    hsc6                                     0x2000d00c   Data          80  usart.o(.bss)
    hUsbDeviceHS                             0x2000d05c   Data         548  usb_device.o(.bss)
    hpcd_USB_OTG_HS                          0x2000d280   Data         952  usbd_conf.o(.bss)
    USBD_StrDesc                             0x2000d638   Data         512  usbd_desc.o(.bss)
    pFlash                                   0x2000d838   Data          32  stm32f4xx_hal_flash.o(.bss)
    __libspace_start                         0x2000d858   Data          96  libspace.o(.bss)
    __temporary_stack_top$libspace           0x2000d8b8   Data           0  libspace.o(.bss)



==============================================================================

Memory Map of the image

  Image Entry point : 0x080201c9

  Load Region FLASH_USB_BOOT_SECTOR_5 (Base: 0x08020040, Size: 0x0001fd50, Max: 0x0005ffc0, ABSOLUTE, COMPRESSED[0x0001fbc8])

    Execution Region FLASH_BOOT (Exec base: 0x08020040, Load base: 0x08020040, Size: 0x0001fa9c, Max: 0x0005ffc0, ABSOLUTE)

    Exec Addr    Load Addr    Size         Type   Attr      Idx    E Section Name        Object

    0x08020040   0x08020040   0x00000188   Data   RO            3    RESET               startup_stm32f429nihx.o
    0x080201c8   0x080201c8   0x00000008   Code   RO         3099  * !!!main             c_w.l(__main.o)
    0x080201d0   0x080201d0   0x00000034   Code   RO         3316    !!!scatter          c_w.l(__scatter.o)
    0x08020204   0x08020204   0x0000005a   Code   RO         3314    !!dczerorl2         c_w.l(__dczerorl2.o)
    0x0802025e   0x0802025e   0x00000002   PAD
    0x08020260   0x08020260   0x0000001c   Code   RO         3318    !!handler_zi        c_w.l(__scatter_zi.o)
    0x0802027c   0x0802027c   0x00000002   Code   RO         3251    .ARM.Collect$$libinit$$00000000  c_w.l(libinit.o)
    0x0802027e   0x0802027e   0x00000004   Code   RO         3137    .ARM.Collect$$libinit$$00000001  c_w.l(libinit2.o)
    0x08020282   0x08020282   0x00000000   Code   RO         3140    .ARM.Collect$$libinit$$00000004  c_w.l(libinit2.o)
    0x08020282   0x08020282   0x00000008   Code   RO         3141    .ARM.Collect$$libinit$$00000005  c_w.l(libinit2.o)
    0x0802028a   0x0802028a   0x00000000   Code   RO         3143    .ARM.Collect$$libinit$$0000000A  c_w.l(libinit2.o)
    0x0802028a   0x0802028a   0x00000000   Code   RO         3145    .ARM.Collect$$libinit$$0000000C  c_w.l(libinit2.o)
    0x0802028a   0x0802028a   0x00000000   Code   RO         3147    .ARM.Collect$$libinit$$0000000E  c_w.l(libinit2.o)
    0x0802028a   0x0802028a   0x00000000   Code   RO         3150    .ARM.Collect$$libinit$$00000011  c_w.l(libinit2.o)
    0x0802028a   0x0802028a   0x00000000   Code   RO         3152    .ARM.Collect$$libinit$$00000013  c_w.l(libinit2.o)
    0x0802028a   0x0802028a   0x00000000   Code   RO         3154    .ARM.Collect$$libinit$$00000015  c_w.l(libinit2.o)
    0x0802028a   0x0802028a   0x00000000   Code   RO         3156    .ARM.Collect$$libinit$$00000017  c_w.l(libinit2.o)
    0x0802028a   0x0802028a   0x00000000   Code   RO         3158    .ARM.Collect$$libinit$$00000019  c_w.l(libinit2.o)
    0x0802028a   0x0802028a   0x00000000   Code   RO         3160    .ARM.Collect$$libinit$$0000001B  c_w.l(libinit2.o)
    0x0802028a   0x0802028a   0x00000000   Code   RO         3162    .ARM.Collect$$libinit$$0000001D  c_w.l(libinit2.o)
    0x0802028a   0x0802028a   0x00000000   Code   RO         3164    .ARM.Collect$$libinit$$0000001F  c_w.l(libinit2.o)
    0x0802028a   0x0802028a   0x00000000   Code   RO         3166    .ARM.Collect$$libinit$$00000021  c_w.l(libinit2.o)
    0x0802028a   0x0802028a   0x00000000   Code   RO         3168    .ARM.Collect$$libinit$$00000023  c_w.l(libinit2.o)
    0x0802028a   0x0802028a   0x00000000   Code   RO         3170    .ARM.Collect$$libinit$$00000025  c_w.l(libinit2.o)
    0x0802028a   0x0802028a   0x00000000   Code   RO         3174    .ARM.Collect$$libinit$$0000002C  c_w.l(libinit2.o)
    0x0802028a   0x0802028a   0x00000000   Code   RO         3176    .ARM.Collect$$libinit$$0000002E  c_w.l(libinit2.o)
    0x0802028a   0x0802028a   0x00000000   Code   RO         3178    .ARM.Collect$$libinit$$00000030  c_w.l(libinit2.o)
    0x0802028a   0x0802028a   0x00000000   Code   RO         3180    .ARM.Collect$$libinit$$00000032  c_w.l(libinit2.o)
    0x0802028a   0x0802028a   0x00000002   Code   RO         3181    .ARM.Collect$$libinit$$00000033  c_w.l(libinit2.o)
    0x0802028c   0x0802028c   0x00000002   Code   RO         3311    .ARM.Collect$$libshutdown$$00000000  c_w.l(libshutdown.o)
    0x0802028e   0x0802028e   0x00000000   Code   RO         3267    .ARM.Collect$$libshutdown$$00000002  c_w.l(libshutdown2.o)
    0x0802028e   0x0802028e   0x00000000   Code   RO         3269    .ARM.Collect$$libshutdown$$00000004  c_w.l(libshutdown2.o)
    0x0802028e   0x0802028e   0x00000000   Code   RO         3271    .ARM.Collect$$libshutdown$$00000006  c_w.l(libshutdown2.o)
    0x0802028e   0x0802028e   0x00000000   Code   RO         3274    .ARM.Collect$$libshutdown$$00000009  c_w.l(libshutdown2.o)
    0x0802028e   0x0802028e   0x00000000   Code   RO         3277    .ARM.Collect$$libshutdown$$0000000C  c_w.l(libshutdown2.o)
    0x0802028e   0x0802028e   0x00000000   Code   RO         3279    .ARM.Collect$$libshutdown$$0000000E  c_w.l(libshutdown2.o)
    0x0802028e   0x0802028e   0x00000000   Code   RO         3282    .ARM.Collect$$libshutdown$$00000011  c_w.l(libshutdown2.o)
    0x0802028e   0x0802028e   0x00000002   Code   RO         3283    .ARM.Collect$$libshutdown$$00000012  c_w.l(libshutdown2.o)
    0x08020290   0x08020290   0x00000000   Code   RO         3103    .ARM.Collect$$rtentry$$00000000  c_w.l(__rtentry.o)
    0x08020290   0x08020290   0x00000000   Code   RO         3188    .ARM.Collect$$rtentry$$00000002  c_w.l(__rtentry2.o)
    0x08020290   0x08020290   0x00000006   Code   RO         3200    .ARM.Collect$$rtentry$$00000004  c_w.l(__rtentry4.o)
    0x08020296   0x08020296   0x00000000   Code   RO         3190    .ARM.Collect$$rtentry$$00000009  c_w.l(__rtentry2.o)
    0x08020296   0x08020296   0x00000004   Code   RO         3191    .ARM.Collect$$rtentry$$0000000A  c_w.l(__rtentry2.o)
    0x0802029a   0x0802029a   0x00000000   Code   RO         3193    .ARM.Collect$$rtentry$$0000000C  c_w.l(__rtentry2.o)
    0x0802029a   0x0802029a   0x00000008   Code   RO         3194    .ARM.Collect$$rtentry$$0000000D  c_w.l(__rtentry2.o)
    0x080202a2   0x080202a2   0x00000002   Code   RO         3254    .ARM.Collect$$rtexit$$00000000  c_w.l(rtexit.o)
    0x080202a4   0x080202a4   0x00000000   Code   RO         3287    .ARM.Collect$$rtexit$$00000002  c_w.l(rtexit2.o)
    0x080202a4   0x080202a4   0x00000004   Code   RO         3288    .ARM.Collect$$rtexit$$00000003  c_w.l(rtexit2.o)
    0x080202a8   0x080202a8   0x00000006   Code   RO         3289    .ARM.Collect$$rtexit$$00000004  c_w.l(rtexit2.o)
    0x080202ae   0x080202ae   0x00000002   PAD
    0x080202b0   0x080202b0   0x00000000   Code   RO         3206    .emb_text           c_w.l(maybetermalloc1.o)
    0x080202b0   0x080202b0   0x00000040   Code   RO            4    .text               startup_stm32f429nihx.o
    0x080202f0   0x080202f0   0x000025e2   Code   RO           10    .text               aes256.o
    0x080228d2   0x080228d2   0x0000011e   Code   RO           56    .text               pbkdf2.o
    0x080229f0   0x080229f0   0x00000118   Code   RO           74    .text               se3_common.o
    0x08022b08   0x08022b08   0x00002532   Code   RO          115    .text               sha256.o
    0x0802503a   0x0802503a   0x000001ce   Code   RO          130    .text               se3_algo_aes.o
    0x08025208   0x08025208   0x000003c2   Code   RO          344    .text               se3_algo_aeshmacsha256s.o
    0x080255ca   0x080255ca   0x0000008e   Code   RO          371    .text               se3_algo_hmacsha256.o
    0x08025658   0x08025658   0x0000007c   Code   RO          398    .text               se3_algo_sha256.o
    0x080256d4   0x080256d4   0x0000054c   Code   RO          422    .text               se3_communication_core.o
    0x08025c20   0x08025c20   0x00000880   Code   RO          451    .text               se3_dispatcher_core.o
    0x080264a0   0x080264a0   0x000002bc   Code   RO          497    .text               se3_core.o
    0x0802675c   0x0802675c   0x000005c4   Code   RO          553    .text               se3_flash.o
    0x08026d20   0x08026d20   0x00000150   Code   RO          603    .text               se3_keys.o
    0x08026e70   0x08026e70   0x000003ba   Code   RO          624    .text               se3_memory.o
    0x0802722a   0x0802722a   0x00000002   PAD
    0x0802722c   0x0802722c   0x00000618   Code   RO          642    .text               se3_security_core.o
    0x08027844   0x08027844   0x00000bde   Code   RO          686    .text               se3_sekey.o
    0x08028422   0x08028422   0x00000002   PAD
    0x08028424   0x08028424   0x000000bc   Code   RO          764    .text               adc.o
    0x080284e0   0x080284e0   0x00000060   Code   RO          797    .text               crc.o
    0x08028540   0x08028540   0x00000048   Code   RO          827    .text               dma.o
    0x08028588   0x08028588   0x000001ec   Code   RO          854    .text               fmc.o
    0x08028774   0x08028774   0x000001d8   Code   RO          885    .text               gpio.o
    0x0802894c   0x0802894c   0x000000b0   Code   RO          909    .text               i2c.o
    0x080289fc   0x080289fc   0x00000110   Code   RO          939    .text               main.o
    0x08028b0c   0x08028b0c   0x00000060   Code   RO         1022    .text               rng.o
    0x08028b6c   0x08028b6c   0x000001ac   Code   RO         1052    .text               sdio.o
    0x08028d18   0x08028d18   0x00000088   Code   RO         1082    .text               se3_rand.o
    0x08028da0   0x08028da0   0x000000c8   Code   RO         1110    .text               se3_sdio.o
    0x08028e68   0x08028e68   0x000000c4   Code   RO         1164    .text               spi.o
    0x08028f2c   0x08028f2c   0x00000014   Code   RO         1194    .text               stm32f4xx_hal_msp.o
    0x08028f40   0x08028f40   0x00000044   Code   RO         1218    .text               stm32f4xx_it.o
    0x08028f84   0x08028f84   0x0000011c   Code   RO         1246    .text               system_stm32f4xx.o
    0x080290a0   0x080290a0   0x000000c8   Code   RO         1277    .text               tim.o
    0x08029168   0x08029168   0x000001d8   Code   RO         1307    .text               usart.o
    0x08029340   0x08029340   0x00000034   Code   RO         1337    .text               usb_device.o
    0x08029374   0x08029374   0x00000404   Code   RO         1371    .text               usbd_conf.o
    0x08029778   0x08029778   0x000000f0   Code   RO         1398    .text               usbd_desc.o
    0x08029868   0x08029868   0x0000008e   Code   RO         1429    .text               usbd_storage_if.o
    0x080298f6   0x080298f6   0x00000002   PAD
    0x080298f8   0x080298f8   0x000001c8   Code   RO         1463    .text               stm32f4xx_hal.o
    0x08029ac0   0x08029ac0   0x00000be0   Code   RO         1490    .text               stm32f4xx_hal_adc.o
    0x0802a6a0   0x0802a6a0   0x000008c8   Code   RO         1514    .text               stm32f4xx_hal_adc_ex.o
    0x0802af68   0x0802af68   0x0000031c   Code   RO         1574    .text               stm32f4xx_hal_cortex.o
    0x0802b284   0x0802b284   0x000000e0   Code   RO         1602    .text               stm32f4xx_hal_crc.o
    0x0802b364   0x0802b364   0x00000618   Code   RO         1734    .text               stm32f4xx_hal_dma.o
    0x0802b97c   0x0802b97c   0x00000488   Code   RO         1837    .text               stm32f4xx_hal_flash.o
    0x0802be04   0x0802be04   0x00000680   Code   RO         1864    .text               stm32f4xx_hal_flash_ex.o
    0x0802c484   0x0802c484   0x000003dc   Code   RO         1943    .text               stm32f4xx_hal_gpio.o
    0x0802c860   0x0802c860   0x00003194   Code   RO         2021    .text               stm32f4xx_hal_i2c.o
    0x0802f9f4   0x0802f9f4   0x00000628   Code   RO         2213    .text               stm32f4xx_hal_nor.o
    0x0803001c   0x0803001c   0x00000be8   Code   RO         2255    .text               stm32f4xx_hal_pcd.o
    0x08030c04   0x08030c04   0x0000005c   Code   RO         2279    .text               stm32f4xx_hal_pcd_ex.o
    0x08030c60   0x08030c60   0x000008e0   Code   RO         2369    .text               stm32f4xx_hal_rcc.o
    0x08031540   0x08031540   0x000001ee   Code   RO         2420    .text               stm32f4xx_hal_rng.o
    0x0803172e   0x0803172e   0x00000002   PAD
    0x08031730   0x08031730   0x00001d24   Code   RO         2516    .text               stm32f4xx_hal_sd.o
    0x08033454   0x08033454   0x00000934   Code   RO         2558    .text               stm32f4xx_hal_smartcard.o
    0x08033d88   0x08033d88   0x00001560   Code   RO         2600    .text               stm32f4xx_hal_spi.o
    0x080352e8   0x080352e8   0x000027f8   Code   RO         2642    .text               stm32f4xx_hal_tim.o
    0x08037ae0   0x08037ae0   0x00000d80   Code   RO         2666    .text               stm32f4xx_hal_tim_ex.o
    0x08038860   0x08038860   0x00000f80   Code   RO         2690    .text               stm32f4xx_hal_uart.o
    0x080397e0   0x080397e0   0x00000590   Code   RO         2750    .text               stm32f4xx_ll_fmc.o
    0x08039d70   0x08039d70   0x000000f4   Code   RO         2792    .text               stm32f4xx_ll_sdmmc.o
    0x08039e64   0x08039e64   0x00001518   Code   RO         2816    .text               stm32f4xx_ll_usb.o
    0x0803b37c   0x0803b37c   0x00000358   Code   RO         2841    .text               usbd_core.o
    0x0803b6d4   0x0803b6d4   0x0000062e   Code   RO         2865    .text               usbd_ctlreq.o
    0x0803bd02   0x0803bd02   0x000000c0   Code   RO         2890    .text               usbd_ioreq.o
    0x0803bdc2   0x0803bdc2   0x00000002   PAD
    0x0803bdc4   0x0803bdc4   0x0000022c   Code   RO         2914    .text               usbd_msc.o
    0x0803bff0   0x0803bff0   0x0000030c   Code   RO         2944    .text               usbd_msc_bot.o
    0x0803c2fc   0x0803c2fc   0x00000864   Code   RO         2992    .text               usbd_msc_scsi.o
    0x0803cb60   0x0803cb60   0x0000005e   Code   RO         3023    .text               c_w.l(h1_alloc.o)
    0x0803cbbe   0x0803cbbe   0x0000004e   Code   RO         3025    .text               c_w.l(h1_free.o)
    0x0803cc0c   0x0803cc0c   0x000000ee   Code   RO         3081    .text               c_w.l(lludivv7m.o)
    0x0803ccfa   0x0803ccfa   0x00000058   Code   RO         3083    .text               c_w.l(memcmp.o)
    0x0803cd52   0x0803cd52   0x0000008a   Code   RO         3085    .text               c_w.l(rt_memcpy_v6.o)
    0x0803cddc   0x0803cddc   0x00000084   Code   RO         3087    .text               c_w.l(rt_memmove_v6.o)
    0x0803ce60   0x0803ce60   0x00000064   Code   RO         3089    .text               c_w.l(rt_memcpy_w.o)
    0x0803cec4   0x0803cec4   0x00000010   Code   RO         3091    .text               c_w.l(aeabi_memset.o)
    0x0803ced4   0x0803ced4   0x00000044   Code   RO         3093    .text               c_w.l(rt_memclr.o)
    0x0803cf18   0x0803cf18   0x0000004e   Code   RO         3095    .text               c_w.l(rt_memclr_w.o)
    0x0803cf66   0x0803cf66   0x00000006   Code   RO         3097    .text               c_w.l(heapauxi.o)
    0x0803cf6c   0x0803cf6c   0x00000008   Code   RO         3111    .text               c_w.l(rt_heap_descriptor_intlibspace.o)
    0x0803cf74   0x0803cf74   0x00000004   Code   RO         3113    .text               c_w.l(hguard.o)
    0x0803cf78   0x0803cf78   0x0000008a   Code   RO         3115    .text               c_w.l(init_alloc.o)
    0x0803d002   0x0803d002   0x0000000e   Code   RO         3119    .text               c_w.l(h1_init.o)
    0x0803d010   0x0803d010   0x0000007a   Code   RO         3133    .text               c_w.l(rt_memmove_w.o)
    0x0803d08a   0x0803d08a   0x00000002   PAD
    0x0803d08c   0x0803d08c   0x00000008   Code   RO         3184    .text               c_w.l(libspace.o)
    0x0803d094   0x0803d094   0x00000034   Code   RO         3208    .text               c_w.l(h1_extend.o)
    0x0803d0c8   0x0803d0c8   0x0000000e   Code   RO         3212    .text               c_w.l(defsig_rtmem_outer.o)
    0x0803d0d6   0x0803d0d6   0x00000002   Code   RO         3223    .text               c_w.l(use_no_semi.o)
    0x0803d0d8   0x0803d0d8   0x00000000   Code   RO         3225    .text               c_w.l(indicate_semi.o)
    0x0803d0d8   0x0803d0d8   0x0000004a   Code   RO         3226    .text               c_w.l(sys_stackheap_outer.o)
    0x0803d122   0x0803d122   0x00000012   Code   RO         3232    .text               c_w.l(exit.o)
    0x0803d134   0x0803d134   0x0000000a   Code   RO         3234    .text               c_w.l(defsig_exit.o)
    0x0803d13e   0x0803d13e   0x00000002   PAD
    0x0803d140   0x0803d140   0x00000050   Code   RO         3240    .text               c_w.l(defsig_rtmem_inner.o)
    0x0803d190   0x0803d190   0x0000000c   Code   RO         3252    .text               c_w.l(sys_exit.o)
    0x0803d19c   0x0803d19c   0x00000032   Code   RO         3262    .text               c_w.l(defsig_general.o)
    0x0803d1ce   0x0803d1ce   0x0000000e   Code   RO         3284    .text               c_w.l(sys_wrch.o)
    0x0803d1dc   0x0803d1dc   0x0000000a   Code   RO         3221    x$fpl$fpinit        fz_wm.l(fpinit.o)
    0x0803d1e6   0x0803d1e6   0x00000002   PAD
    0x0803d1e8   0x0803d1e8   0x00002828   Data   RO           11    .constdata          aes256.o
    0x0803fa10   0x0803fa10   0x00000020   Data   RO           76    .constdata          se3_common.o
    0x0803fa30   0x0803fa30   0x00000020   Data   RO          424    .constdata          se3_communication_core.o
    0x0803fa50   0x0803fa50   0x00000018   Data   RO         1247    .constdata          system_stm32f4xx.o
    0x0803fa68   0x0803fa68   0x00000024   Data   RO         1430    .constdata          usbd_storage_if.o
    0x0803fa8c   0x0803fa8c   0x00000008   Data   RO         1735    .constdata          stm32f4xx_hal_dma.o
    0x0803fa94   0x0803fa94   0x00000010   Data   RO         2370    .constdata          stm32f4xx_hal_rcc.o
    0x0803faa4   0x0803faa4   0x00000017   Data   RO         2968    .constdata          usbd_msc_data.o
    0x0803fabb   0x0803fabb   0x00000001   PAD
    0x0803fabc   0x0803fabc   0x00000020   Data   RO         3312    Region$$Table       anon$$obj.o


    Execution Region RAM_BOOT (Exec base: 0x20000000, Load base: 0x0803fadc, Size: 0x000248b8, Max: 0x00028000, ABSOLUTE, COMPRESSED[0x0000012c])

    Exec Addr    Load Addr    Size         Type   Attr      Idx    E Section Name        Object

    0x20000000   COMPRESSED   0x00000002   Data   RW           77    .data               se3_common.o
    0x20000002   COMPRESSED   0x00000002   PAD
    0x20000004   COMPRESSED   0x000000c2   Data   RW          453    .data               se3_dispatcher_core.o
    0x200000c6   COMPRESSED   0x00000002   PAD
    0x200000c8   COMPRESSED   0x000000d0   Data   RW          644    .data               se3_security_core.o
    0x20000198   COMPRESSED   0x00000008   Data   RW          798    .data               crc.o
    0x200001a0   COMPRESSED   0x00000008   Data   RW          856    .data               fmc.o
    0x200001a8   COMPRESSED   0x00000004   Data   RW         1248    .data               system_stm32f4xx.o
    0x200001ac   COMPRESSED   0x00000034   Data   RW         1400    .data               usbd_desc.o
    0x200001e0   COMPRESSED   0x00000024   Data   RW         1431    .data               usbd_storage_if.o
    0x20000204   COMPRESSED   0x00000004   Data   RW         1464    .data               stm32f4xx_hal.o
    0x20000208   COMPRESSED   0x00000004   Data   RW         2817    .data               stm32f4xx_ll_usb.o
    0x2000020c   COMPRESSED   0x00000001   Data   RW         2866    .data               usbd_ctlreq.o
    0x2000020d   COMPRESSED   0x00000003   PAD
    0x20000210   COMPRESSED   0x000000a2   Data   RW         2915    .data               usbd_msc.o
    0x200002b2   COMPRESSED   0x00000002   PAD
    0x200002b4        -       0x00000021   Zero   RW           75    .bss                se3_common.o
    0x200002d5   COMPRESSED   0x00000003   PAD
    0x200002d8        -       0x000040f4   Zero   RW          423    .bss                se3_communication_core.o
    0x200043cc        -       0x000004cc   Zero   RW          452    .bss                se3_dispatcher_core.o
    0x20004898        -       0x00008190   Zero   RW          498    .bss                se3_core.o
    0x2000ca28        -       0x0000001c   Zero   RW          554    .bss                se3_flash.o
    0x2000ca44        -       0x0000024c   Zero   RW          643    .bss                se3_security_core.o
    0x2000cc90        -       0x00000010   Zero   RW          687    .bss                se3_sekey.o
    0x2000cca0        -       0x00000048   Zero   RW          765    .bss                adc.o
    0x2000cce8        -       0x00000098   Zero   RW          855    .bss                fmc.o
    0x2000cd80        -       0x00000044   Zero   RW          910    .bss                i2c.o
    0x2000cdc4        -       0x0000000c   Zero   RW         1023    .bss                rng.o
    0x2000cdd0        -       0x00000168   Zero   RW         1053    .bss                sdio.o
    0x2000cf38        -       0x00000058   Zero   RW         1165    .bss                spi.o
    0x2000cf90        -       0x0000003c   Zero   RW         1278    .bss                tim.o
    0x2000cfcc        -       0x00000090   Zero   RW         1308    .bss                usart.o
    0x2000d05c        -       0x00000224   Zero   RW         1338    .bss                usb_device.o
    0x2000d280        -       0x000003b8   Zero   RW         1372    .bss                usbd_conf.o
    0x2000d638        -       0x00000200   Zero   RW         1399    .bss                usbd_desc.o
    0x2000d838        -       0x00000020   Zero   RW         1838    .bss                stm32f4xx_hal_flash.o
    0x2000d858        -       0x00000060   Zero   RW         3185    .bss                c_w.l(libspace.o)
    0x2000d8b8        -       0x00013000   Zero   RW            2    HEAP                startup_stm32f429nihx.o
    0x200208b8        -       0x00004000   Zero   RW            1    STACK               startup_stm32f429nihx.o


==============================================================================

Image component sizes


      Code (inc. data)   RO Data    RW Data    ZI Data      Debug   Object Name

       188         16          0          0         72       1489   adc.o
      9698         72      10280          0          0      16838   aes256.o
        96         14          0          8          0       1487   crc.o
         0          0          0          0          0        524   crc16.o
        72          4          0          0          0        778   dma.o
       492         40          0          8        152       2050   fmc.o
       472         20          0          0          0       1267   gpio.o
       176         22          0          0         68       1461   i2c.o
       272          8          0          0          0       5866   main.o
       286          0          0          0          0       2971   pbkdf2.o
        96         14          0          0         12       1487   rng.o
       428         38          0          0        360       1769   sdio.o
       462         22          0          0          0     523820   se3_algo_aes.o
       962         12          0          0          0       3202   se3_algo_aeshmacsha256s.o
       142          0          0          0          0       1898   se3_algo_hmacsha256.o
       124          0          0          0          0       1838   se3_algo_sha256.o
       280          0         32          2         33       4447   se3_common.o
      1356         42         32          0      16628       6510   se3_communication_core.o
       700         34          0          0      33168       8364   se3_core.o
      2176         64          0        194       1228       9216   se3_dispatcher_core.o
      1476         32          0          0         28       9122   se3_flash.o
       336          0          0          0          0       2616   se3_keys.o
       954          0          0          0          0       4704   se3_memory.o
       136          6          0          0          0       1462   se3_rand.o
       200         12          0          0          0       7147   se3_sdio.o
      1560         12          0        208        588       8014   se3_security_core.o
      3038         24          0          0         16      11980   se3_sekey.o
      9522        290          0          0          0       6050   sha256.o
       196         16          0          0         88       1477   spi.o
        64         26        392          0      94208        864   startup_stm32f429nihx.o
       456         24          0          4          0       5154   stm32f4xx_hal.o
      3040         76          0          0          0       8343   stm32f4xx_hal_adc.o
      2248         52          0          0          0       6194   stm32f4xx_hal_adc_ex.o
       796         20          0          0          0      32247   stm32f4xx_hal_cortex.o
       224          0          0          0          0       2794   stm32f4xx_hal_crc.o
      1560         16          8          0          0       5140   stm32f4xx_hal_dma.o
      1160         34          0          0         32       4629   stm32f4xx_hal_flash.o
      1664         20          0          0          0       7208   stm32f4xx_hal_flash_ex.o
       988         54          0          0          0       3803   stm32f4xx_hal_gpio.o
     12692        164          0          0          0      31780   stm32f4xx_hal_i2c.o
        20          0          0          0          0        502   stm32f4xx_hal_msp.o
      1576          0          0          0          0       8531   stm32f4xx_hal_nor.o
      3048          0          0          0          0      10483   stm32f4xx_hal_pcd.o
        92          0          0          0          0       1538   stm32f4xx_hal_pcd_ex.o
      2272         62         16          0          0       5450   stm32f4xx_hal_rcc.o
       494          0          0          0          0       4085   stm32f4xx_hal_rng.o
      7460         50          0          0          0      23283   stm32f4xx_hal_sd.o
      2356         24          0          0          0       8142   stm32f4xx_hal_smartcard.o
      5472         82          0          0          0      16292   stm32f4xx_hal_spi.o
     10232        152          0          0          0      32606   stm32f4xx_hal_tim.o
      3456         24          0          0          0      12342   stm32f4xx_hal_tim_ex.o
      3968         28          0          0          0      12263   stm32f4xx_hal_uart.o
        68         16          0          0          0       1032   stm32f4xx_it.o
      1424         16          0          0          0       9241   stm32f4xx_ll_fmc.o
       244          8          0          0          0       3896   stm32f4xx_ll_sdmmc.o
      5400         68          0          4          0      14389   stm32f4xx_ll_usb.o
       284         28         24          4          0       1597   system_stm32f4xx.o
       200         16          0          0         60       1893   tim.o
       472         38          0          0        144       2319   usart.o
        52         16          0          0        548        736   usb_device.o
      1028         32          0          0        952       8130   usbd_conf.o
       856          0          0          0          0       6037   usbd_core.o
      1582         28          0          1          0       5382   usbd_ctlreq.o
       240         64          0         52        512       3419   usbd_desc.o
       192          0          0          0          0       2770   usbd_ioreq.o
       556         18          0        162          0       5726   usbd_msc.o
       780         10          0          0          0       3669   usbd_msc_bot.o
         0          0         23          0          0        893   usbd_msc_data.o
      2148         12          0          0          0       7281   usbd_msc_scsi.o
       142          0         36         36          0       2845   usbd_storage_if.o

    ----------------------------------------------------------------------
    116912       2092      10876        692     148900     974782   Object Totals
         0          0         32          0          0          0   (incl. Generated)
        10          0          1          9          3          0   (incl. Padding)

    ----------------------------------------------------------------------

      Code (inc. data)   RO Data    RW Data    ZI Data      Debug   Library Member Name

        90          0          0          0          0          0   __dczerorl2.o
         8          0          0          0          0         68   __main.o
         0          0          0          0          0          0   __rtentry.o
        12          0          0          0          0          0   __rtentry2.o
         6          0          0          0          0          0   __rtentry4.o
        52          8          0          0          0          0   __scatter.o
        28          0          0          0          0          0   __scatter_zi.o
        16          0          0          0          0         68   aeabi_memset.o
        10          0          0          0          0         68   defsig_exit.o
        50          0          0          0          0         88   defsig_general.o
        80         58          0          0          0         76   defsig_rtmem_inner.o
        14          0          0          0          0         80   defsig_rtmem_outer.o
        18          0          0          0          0         80   exit.o
        94          0          0          0          0         80   h1_alloc.o
        52          0          0          0          0         68   h1_extend.o
        78          0          0          0          0         80   h1_free.o
        14          0          0          0          0         84   h1_init.o
         6          0          0          0          0        152   heapauxi.o
         4          0          0          0          0        136   hguard.o
         0          0          0          0          0          0   indicate_semi.o
       138          0          0          0          0        168   init_alloc.o
         2          0          0          0          0          0   libinit.o
        14          0          0          0          0          0   libinit2.o
         2          0          0          0          0          0   libshutdown.o
         2          0          0          0          0          0   libshutdown2.o
         8          4          0          0         96         68   libspace.o
       238          0          0          0          0        100   lludivv7m.o
         0          0          0          0          0          0   maybetermalloc1.o
        88          0          0          0          0         76   memcmp.o
         8          4          0          0          0         68   rt_heap_descriptor_intlibspace.o
        68          0          0          0          0         68   rt_memclr.o
        78          0          0          0          0         80   rt_memclr_w.o
       138          0          0          0          0         68   rt_memcpy_v6.o
       100          0          0          0          0         80   rt_memcpy_w.o
       132          0          0          0          0         68   rt_memmove_v6.o
       122          0          0          0          0         80   rt_memmove_w.o
         2          0          0          0          0          0   rtexit.o
        10          0          0          0          0          0   rtexit2.o
        12          4          0          0          0         68   sys_exit.o
        74          0          0          0          0         80   sys_stackheap_outer.o
        14          0          0          0          0         76   sys_wrch.o
         2          0          0          0          0         68   use_no_semi.o
        10          0          0          0          0        116   fpinit.o

    ----------------------------------------------------------------------
      1904         78          0          0         96       2460   Library Totals
        10          0          0          0          0          0   (incl. Padding)

    ----------------------------------------------------------------------

      Code (inc. data)   RO Data    RW Data    ZI Data      Debug   Library Name

      1884         78          0          0         96       2344   c_w.l
        10          0          0          0          0        116   fz_wm.l

    ----------------------------------------------------------------------
      1904         78          0          0         96       2460   Library Totals

    ----------------------------------------------------------------------

==============================================================================


      Code (inc. data)   RO Data    RW Data    ZI Data      Debug   

    118816       2170      10876        692     148996     960642   Grand Totals
    118816       2170      10876        300     148996     960642   ELF Image Totals (compressed)
    118816       2170      10876        300          0          0   ROM Totals

==============================================================================

    Total RO  Size (Code + RO Data)               129692 ( 126.65kB)
    Total RW  Size (RW Data + ZI Data)            149688 ( 146.18kB)
    Total ROM Size (Code + RO Data + RW Data)     129992 ( 126.95kB)

==============================================================================

